ASxxxx Linker V03.00/V05.40 + sdld,  page 1.
Hexadecimal  [32-Bits]

Area                                    Addr        Size        Decimal Bytes (Attributes)
--------------------------------        ----        ----        ------- ----- ------------
.  .ABS.                            00000000    00000000 =           0. bytes (ABS,CON)

      Value  Global                              Global Defined In Module
      -----  --------------------------------   ------------------------
     00000000  .__.ABS.                           
     00000000  _rRAMG                             
     00000000  l__BASE                         
     00000000  l__BSS                          
     00000000  l__CABS                         
     00000000  l__CODE_0                       
     00000000  l__CRASH_HEADER                 
     00000000  l__CRASH_SCRATCH                
     00000000  l__DABS                         
     00000000  l__HEADER                       
     00000000  l__HEADER_LCD                   
     00000000  l__HEADER_SIO                   
     00000000  l__HEADER_TIMER                 
     00000000  l__HEAP                         
     00000000  l__HEAP_END                     
     00000000  l__HRAM                         
     00000000  l__LIT                          
     00000000  s__CABS                         
     00000000  s__CRASH_HEADER                 
     00000000  s__CRASH_HEADER0                
     00000000  s__CRASH_HEADER1                
     00000000  s__CRASH_SCRATCH                
     00000000  s__CRASH_SCRATCH2               
     00000000  s__DABS                         
     00000000  s__HEADER                       
     00000000  s__HEADER0                      
     00000000  s__HEADER1                      
     00000000  s__HEADER10                     
     00000000  s__HEADER11                     
     00000000  s__HEADER2                      
     00000000  s__HEADER3                      
     00000000  s__HEADER4                      
     00000000  s__HEADER5                      
     00000000  s__HEADER6                      
     00000000  s__HEADER7                      
     00000000  s__HEADER8                      
     00000000  s__HEADER9                      
     00000000  s__HEADER_LCD                   
     00000000  s__HEADER_LCD0                  
     00000000  s__HEADER_SIO                   
     00000000  s__HEADER_SIO0                  
     00000000  s__HEADER_TIMER                 
     00000000  s__HEADER_TIMER0                
     00000000  s__HEADERa                      
     00000000  s__HEADERb                      
     00000000  s__HEADERc                      
     00000000  s__HEADERd                      
     00000000  s__HEADERe                      
     00000000  s__HEADERf                      
     00000000  s__HRAM                         
ASxxxx Linker V03.00/V05.40 + sdld,  page 2.
Hexadecimal  [32-Bits]

Area                                    Addr        Size        Decimal Bytes (Attributes)
--------------------------------        ----        ----        ------- ----- ------------
.  .ABS.                            00000000    00000000 =           0. bytes (ABS,CON)

      Value  Global                              Global Defined In Module
      -----  --------------------------------   ------------------------
     00000000  s__HRAM12                       
     00000001  ___bank_ACTOR                      actor
     00000001  ___bank_VM_SGB                     vm_sgb
     00000001  ___bank_bg_section_0_tileset       bg_section_0_tileset
     00000001  ___bank_trigger_12_interact        trigger_12_interact
     00000001  b_activate_actor                   actor
     00000001  b_activate_actors_in_col           actor
     00000001  b_activate_actors_in_row           actor
     00000001  b_actor_at_tile                    actor
     00000001  b_actor_get_frame_offset           actor
     00000001  b_actor_in_front_of_player         actor
     00000001  b_actor_overlapping_bb             actor
     00000001  b_actor_overlapping_player         actor
     00000001  b_actor_set_anim_idle              actor
     00000001  b_actor_set_anim_moving            actor
     00000001  b_actor_set_dir                    actor
     00000001  b_actor_set_frame_offset           actor
     00000001  b_actor_set_frames                 actor
     00000001  b_actors_handle_player_collision   actor
     00000001  b_actors_init                      actor
     00000001  b_check_collision_in_direction     actor
     00000001  b_deactivate_actor                 actor
     00000001  b_platform_init                    platform
     00000001  b_platform_update                  platform
     00000001  b_player_init                      actor
     00000001  b_ui_draw_frame                    ui
     00000001  b_ui_draw_text_buffer_char         ui
     00000001  b_ui_init                          ui
     00000001  b_ui_load_tiles                    ui
     00000001  b_ui_run_menu                      ui
     00000001  b_ui_run_modal                     ui
     00000001  b_ui_set_start_tile                ui
     00000001  l__GSFINAL                      
     00000001  l__HEADER0                      
     00000001  l__HEADER5                      
     00000001  l__HEADERa                      
     00000001  l__HEADERb                      
     00000001  l__HEADERc                      
     00000001  l__HEADERe                      
     00000001  l__HEADERf                      
     00000002  ___bank_VM_ACTOR                   vm_actor
     00000002  ___bank_VM_MAIN                    vm
     00000002  ___bank_bg_blank_0_tileset         bg_blank_0_tileset
     00000002  ___bank_font_gbs_mono              font_gbs_mono
     00000002  b_assign_td_collision_end_script   topdown
     00000002  b_assign_td_collision_script       topdown
     00000002  b_call_collision_script            topdown
     00000002  b_check_collision_exit_script      topdown
     00000002  b_clear_td_collision_script        topdown
     00000002  b_contains_collision_mask          topdown
     00000002  b_gbprinter_detect                 gbprinter
ASxxxx Linker V03.00/V05.40 + sdld,  page 3.
Hexadecimal  [32-Bits]

Area                                    Addr        Size        Decimal Bytes (Attributes)
--------------------------------        ----        ----        ------- ----- ------------
.  .ABS.                            00000000    00000000 =           0. bytes (ABS,CON)

      Value  Global                              Global Defined In Module
      -----  --------------------------------   ------------------------
     00000002  b_gbprinter_print_overlay          gbprinter
     00000002  b_handle_tile_collision            topdown
     00000002  b_index_to_mask                    topdown
     00000002  b_script_detach_hthread            vm
     00000002  b_script_execute                   vm
     00000002  b_script_runner_init               vm
     00000002  b_script_terminate                 vm
     00000002  b_topdown_init                     topdown
     00000002  b_topdown_update                   topdown
     00000002  b_vm_actor_activate                vm_actor
     00000002  b_vm_actor_begin_update            vm_actor
     00000002  b_vm_actor_deactivate              vm_actor
     00000002  b_vm_actor_emote                   vm_actor
     00000002  b_vm_actor_get_angle               vm_actor
     00000002  b_vm_actor_get_anim_frame          vm_actor
     00000002  b_vm_actor_get_dir                 vm_actor
     00000002  b_vm_actor_get_pos                 vm_actor
     00000002  b_vm_actor_move_cancel             vm_actor
     00000002  b_vm_actor_move_to                 vm_actor
     00000002  b_vm_actor_replace_tile            vm_actor
     00000002  b_vm_actor_set_anim                vm_actor
     00000002  b_vm_actor_set_anim_frame          vm_actor
     00000002  b_vm_actor_set_anim_set            vm_actor
     00000002  b_vm_actor_set_anim_tick           vm_actor
     00000002  b_vm_actor_set_bounds              vm_actor
     00000002  b_vm_actor_set_dir                 vm_actor
     00000002  b_vm_actor_set_flags               vm_actor
     00000002  b_vm_actor_set_move_speed          vm_actor
     00000002  b_vm_actor_set_pos                 vm_actor
     00000002  b_vm_actor_set_spritesheet         vm_actor
     00000002  b_vm_actor_set_spritesheet_by_re   vm_actor
     00000002  b_vm_actor_terminate_update        vm_actor
     00000002  b_vm_call                          vm
     00000002  b_vm_call_far                      vm
     00000002  b_vm_get_indirect                  vm
     00000002  b_vm_get_tlocal                    vm
     00000002  b_vm_idle                          vm
     00000002  b_vm_if                            vm
     00000002  b_vm_if_const                      vm
     00000002  b_vm_init_rng                      vm
     00000002  b_vm_invoke                        vm
     00000002  b_vm_join                          vm
     00000002  b_vm_jump                          vm
     00000002  b_vm_lock                          vm
     00000002  b_vm_loop                          vm
     00000002  b_vm_memcpy                        vm
     00000002  b_vm_memset                        vm
     00000002  b_vm_poll_loaded                   vm
     00000002  b_vm_pop                           vm
     00000002  b_vm_push                          vm
     00000002  b_vm_push_reference                vm
ASxxxx Linker V03.00/V05.40 + sdld,  page 4.
Hexadecimal  [32-Bits]

Area                                    Addr        Size        Decimal Bytes (Attributes)
--------------------------------        ----        ----        ------- ----- ------------
.  .ABS.                            00000000    00000000 =           0. bytes (ABS,CON)

      Value  Global                              Global Defined In Module
      -----  --------------------------------   ------------------------
     00000002  b_vm_push_value                    vm
     00000002  b_vm_push_value_ind                vm
     00000002  b_vm_raise                         vm
     00000002  b_vm_rand                          vm
     00000002  b_vm_reserve                       vm
     00000002  b_vm_ret                           vm
     00000002  b_vm_ret_far                       vm
     00000002  b_vm_set                           vm
     00000002  b_vm_set_const                     vm
     00000002  b_vm_set_indirect                  vm
     00000002  b_vm_terminate                     vm
     00000002  b_vm_test_terminate                vm
     00000002  b_vm_unlock                        vm
     00000002  b_wait_frames                      vm
     00000002  l__HEADER10                     
     00000002  l__HEADER6                      
     00000002  l__HEADERd                      
     00000003  ___bank_VM_UI                      vm_ui
     00000003  ___bank_actor_31_interact          actor_31_interact
     00000003  ___bank_bg_section_11_tileset      bg_section_11_tileset
     00000003  ___bank_bg_section_49_tileset      bg_section_49_tileset
     00000003  ___bank_bg_section_61_tileset      bg_section_61_tileset
     00000003  ___bank_palette_0                  palette_0
     00000003  b___HandleCrash_banked             
     00000003  b_adventure_init                   adventure
     00000003  b_adventure_update                 adventure
     00000003  b_do_load_palette                  data_manager
     00000003  b_load_background                  data_manager
     00000003  b_load_bkg_tileset                 data_manager
     00000003  b_load_bounds                      data_manager
     00000003  b_load_emote                       data_manager
     00000003  b_load_init                        data_manager
     00000003  b_load_player                      data_manager
     00000003  b_load_scene                       data_manager
     00000003  b_load_sprite                      data_manager
     00000003  b_scroll_init                      scroll
     00000003  b_scroll_repaint                   scroll
     00000003  b_scroll_reset                     scroll
     00000003  b_scroll_update                    scroll
     00000003  b_shmup_init                       shmup
     00000003  b_shmup_update                     shmup
     00000003  b_vm_choice                        vm_ui
     00000003  b_vm_display_text                  vm_ui
     00000003  b_vm_overlay_clear                 vm_ui
     00000003  b_vm_overlay_move_to               vm_ui
     00000003  b_vm_overlay_scroll                vm_ui
     00000003  b_vm_overlay_set_map               vm_ui
     00000003  b_vm_overlay_set_scroll            vm_ui
     00000003  b_vm_overlay_set_submap            vm_ui
     00000003  b_vm_overlay_set_submap_ex         vm_ui
     00000003  b_vm_overlay_setpos                vm_ui
ASxxxx Linker V03.00/V05.40 + sdld,  page 5.
Hexadecimal  [32-Bits]

Area                                    Addr        Size        Decimal Bytes (Attributes)
--------------------------------        ----        ----        ------- ----- ------------
.  .ABS.                            00000000    00000000 =           0. bytes (ABS,CON)

      Value  Global                              Global Defined In Module
      -----  --------------------------------   ------------------------
     00000003  b_vm_overlay_show                  vm_ui
     00000003  b_vm_overlay_wait                  vm_ui
     00000003  b_vm_set_font                      vm_ui
     00000003  b_vm_set_text_sound                vm_ui
     00000003  b_vm_switch_text_layer             vm_ui
     00000003  l__HEADER9                      
     00000003  l__HEADER_LCD0                  
     00000003  l__HRAM12                       
     00000004  ___bank_VM_GAMEBOY                 vm_gameboy
     00000004  ___bank_bg_section_05_tileset      bg_section_05_tileset
     00000004  ___bank_bg_section_09_tileset      bg_section_09_tileset
     00000004  ___bank_bg_section_16_tileset      bg_section_16_tileset
     00000004  ___bank_bg_section_19_tileset      bg_section_19_tileset
     00000004  ___bank_bg_section_20_tileset      bg_section_20_tileset
     00000004  ___bank_bg_section_21_tileset      bg_section_21_tileset
     00000004  ___bank_bg_section_2_tileset       bg_section_2_tileset
     00000004  ___bank_bg_section_37_tileset      bg_section_37_tileset
     00000004  ___bank_bg_section_38_tileset      bg_section_38_tileset
     00000004  ___bank_bg_section_41_tileset      bg_section_41_tileset
     00000004  ___bank_bg_section_42_tileset      bg_section_42_tileset
     00000004  ___bank_bg_section_9_tileset       bg_section_9_tileset
     00000004  b_vm_context_prepare               vm_gameboy
     00000004  b_vm_fade                          vm_gameboy
     00000004  b_vm_get_tile_xy                   vm_gameboy
     00000004  b_vm_input_attach                  vm_gameboy
     00000004  b_vm_input_detach                  vm_gameboy
     00000004  b_vm_input_get                     vm_gameboy
     00000004  b_vm_input_wait                    vm_gameboy
     00000004  b_vm_load_tileset                  vm_gameboy
     00000004  b_vm_poll                          vm_gameboy
     00000004  b_vm_replace_tile                  vm_gameboy
     00000004  b_vm_replace_tile_xy               vm_gameboy
     00000004  b_vm_rumble                        vm_gameboy
     00000004  b_vm_set_sprite_mode               vm_gameboy
     00000004  b_vm_set_sprites_visible           vm_gameboy
     00000004  b_vm_timer_prepare                 vm_gameboy
     00000004  b_vm_timer_reset                   vm_gameboy
     00000004  b_vm_timer_set                     vm_gameboy
     00000004  b_vm_timer_stop                    vm_gameboy
     00000004  l__CRASH_HEADER1                
     00000004  l__HEADER_SIO0                  
     00000004  l__HEADER_TIMER0                
     00000005  ___bank_VM_CAMERA                  vm_camera
     00000005  ___bank_actor_17_interact          actor_17_interact
     00000005  ___bank_actor_24_interact          actor_24_interact
     00000005  ___bank_bg_section_07_tileset      bg_section_07_tileset
     00000005  ___bank_bg_section_17_tileset      bg_section_17_tileset
     00000005  ___bank_bg_section_1_tileset       bg_section_1_tileset
     00000005  ___bank_bg_section_30_tileset      bg_section_30_tileset
     00000005  ___bank_bg_section_33_tileset      bg_section_33_tileset
     00000005  ___bank_bg_section_39_tileset      bg_section_39_tileset
ASxxxx Linker V03.00/V05.40 + sdld,  page 6.
Hexadecimal  [32-Bits]

Area                                    Addr        Size        Decimal Bytes (Attributes)
--------------------------------        ----        ----        ------- ----- ------------
.  .ABS.                            00000000    00000000 =           0. bytes (ABS,CON)

      Value  Global                              Global Defined In Module
      -----  --------------------------------   ------------------------
     00000005  ___bank_bg_section_57_tileset      bg_section_57_tileset
     00000005  ___bank_bg_section_58_tileset      bg_section_58_tileset
     00000005  ___bank_palette_1                  palette_1
     00000005  ___bank_scene_21_actors            scene_21_actors
     00000005  b_atan2                            math_atan2
     00000005  b_camera_shake_frames              vm_camera
     00000005  b_core_reset                       core
     00000005  b_core_run                         core
     00000005  b_data_clear                       load_save
     00000005  b_data_init                        load_save
     00000005  b_data_load                        load_save
     00000005  b_data_peek                        load_save
     00000005  b_data_save                        load_save
     00000005  b_pointnclick_init                 pointnclick
     00000005  b_pointnclick_update               pointnclick
     00000005  b_projectile_launch                projectiles
     00000005  b_projectiles_init                 projectiles
     00000005  b_trigger_activate_at              trigger
     00000005  b_trigger_activate_at_intersecti   trigger
     00000005  b_trigger_at_intersection          trigger
     00000005  b_trigger_at_tile                  trigger
     00000005  b_trigger_interact                 trigger
     00000005  b_trigger_reset                    trigger
     00000005  b_vm_camera_move_to                vm_camera
     00000005  b_vm_camera_set_pos                vm_camera
     00000005  l__CRASH_HEADER0                
     00000005  l__HEADER1                      
     00000006  ___bank_VM_SIO                     vm_sio
     00000006  ___bank_actor_25_interact          actor_25_interact
     00000006  ___bank_actor_30_interact          actor_30_interact
     00000006  ___bank_actor_32_interact          actor_32_interact
     00000006  ___bank_actor_34_interact          actor_34_interact
     00000006  ___bank_actor_35_interact          actor_35_interact
     00000006  ___bank_actor_36_interact          actor_36_interact
     00000006  ___bank_actor_3_interact           actor_3_interact
     00000006  ___bank_bg_blank_0_tilemap         bg_blank_0_tilemap
     00000006  ___bank_bg_ghots_grotto_tileset    bg_ghots_grotto_tileset
     00000006  ___bank_bg_intro_tileset           bg_intro_tileset
     00000006  ___bank_bg_inventory_tilemap       bg_inventory_tilemap
     00000006  ___bank_bg_inventory_tileset       bg_inventory_tileset
     00000006  ___bank_bg_section_05_tilemap      bg_section_05_tilemap
     00000006  ___bank_bg_section_07_tilemap      bg_section_07_tilemap
     00000006  ___bank_bg_section_0_tilemap       bg_section_0_tilemap
     00000006  ___bank_bg_section_22_tileset      bg_section_22_tileset
     00000006  ___bank_bg_section_28_tileset      bg_section_28_tileset
     00000006  ___bank_bg_section_31_tileset      bg_section_31_tileset
     00000006  ___bank_bg_section_3_tileset       bg_section_3_tileset
     00000006  ___bank_bg_section_40_tileset      bg_section_40_tileset
     00000006  ___bank_bg_section_47_tileset      bg_section_47_tileset
     00000006  ___bank_scene_1_sprites            scene_1_sprites
     00000006  ___bank_scene_39_actors            scene_39_actors
ASxxxx Linker V03.00/V05.40 + sdld,  page 7.
Hexadecimal  [32-Bits]

Area                                    Addr        Size        Decimal Bytes (Attributes)
--------------------------------        ----        ----        ------- ----- ------------
.  .ABS.                            00000000    00000000 =           0. bytes (ABS,CON)

      Value  Global                              Global Defined In Module
      -----  --------------------------------   ------------------------
     00000006  ___bank_scene_40_collisions        scene_40_collisions
     00000006  ___bank_scene_40_init              scene_40_init
     00000006  ___bank_sprite_actor_animated_ti   sprite_actor_animated_tilese
     00000006  b_logo_init                        logo
     00000006  b_logo_update                      logo
     00000006  b_set_sgb_border                   sgb_border
     00000006  b_vm_sio_exchange                  vm_sio
     00000006  b_vm_sio_set_mode                  vm_sio
     00000006  l__HEADER8                      
     00000007  ___bank_bg_section_08_tilemap      bg_section_08_tilemap
     00000007  ___bank_bg_section_09_tilemap      bg_section_09_tilemap
     00000007  ___bank_bg_section_11_tilemap      bg_section_11_tilemap
     00000007  ___bank_bg_section_14_tilemap      bg_section_14_tilemap
     00000007  ___bank_bg_section_15_tilemap      bg_section_15_tilemap
     00000007  ___bank_bg_section_16_tilemap      bg_section_16_tilemap
     00000007  ___bank_bg_section_17_tilemap      bg_section_17_tilemap
     00000007  ___bank_bg_section_18_tilemap      bg_section_18_tilemap
     00000007  ___bank_bg_section_19_tilemap      bg_section_19_tilemap
     00000007  ___bank_bg_section_1_tilemap       bg_section_1_tilemap
     00000007  ___bank_bg_section_20_tilemap      bg_section_20_tilemap
     00000007  ___bank_bg_section_21_tilemap      bg_section_21_tilemap
     00000007  ___bank_bg_section_22_tilemap      bg_section_22_tilemap
     00000007  ___bank_bg_section_27_tilemap      bg_section_27_tilemap
     00000007  ___bank_bg_section_28_tilemap      bg_section_28_tilemap
     00000007  ___bank_bg_section_2_tilemap       bg_section_2_tilemap
     00000007  ___bank_bg_section_30_tilemap      bg_section_30_tilemap
     00000007  ___bank_bg_section_31_tilemap      bg_section_31_tilemap
     00000007  ___bank_bg_section_32_tilemap      bg_section_32_tilemap
     00000007  ___bank_bg_section_33_tilemap      bg_section_33_tilemap
     00000007  ___bank_bg_section_37_tilemap      bg_section_37_tilemap
     00000007  ___bank_bg_section_38_tilemap      bg_section_38_tilemap
     00000007  ___bank_bg_section_39_tilemap      bg_section_39_tilemap
     00000007  ___bank_bg_section_3_tilemap       bg_section_3_tilemap
     00000007  ___bank_bg_section_40_tilemap      bg_section_40_tilemap
     00000007  ___bank_bg_section_41_tilemap      bg_section_41_tilemap
     00000007  ___bank_bg_section_42_tilemap      bg_section_42_tilemap
     00000007  ___bank_bg_section_47_tilemap      bg_section_47_tilemap
     00000007  ___bank_bg_section_49_tilemap      bg_section_49_tilemap
     00000007  ___bank_bg_section_57_tilemap      bg_section_57_tilemap
     00000007  ___bank_bg_section_58_tilemap      bg_section_58_tilemap
     00000007  ___bank_bg_section_61_tilemap      bg_section_61_tilemap
     00000007  ___bank_bg_section_9_tilemap       bg_section_9_tilemap
     00000007  ___bank_scene_10_collisions        scene_10_collisions
     00000007  ___bank_scene_11_collisions        scene_11_collisions
     00000007  ___bank_scene_12_collisions        scene_12_collisions
     00000007  ___bank_scene_1_collisions         scene_1_collisions
     00000007  ___bank_scene_22_actors            scene_22_actors
     00000007  l__HEADER2                      
     00000008  ___bank_actor_16_interact          actor_16_interact
     00000008  ___bank_actor_38_interact          actor_38_interact
     00000008  ___bank_actor_9_interact           actor_9_interact
ASxxxx Linker V03.00/V05.40 + sdld,  page 8.
Hexadecimal  [32-Bits]

Area                                    Addr        Size        Decimal Bytes (Attributes)
--------------------------------        ----        ----        ------- ----- ------------
.  .ABS.                            00000000    00000000 =           0. bytes (ABS,CON)

      Value  Global                              Global Defined In Module
      -----  --------------------------------   ------------------------
     00000008  ___bank_bg_section_14_tileset      bg_section_14_tileset
     00000008  ___bank_bg_section_27_tileset      bg_section_27_tileset
     00000008  ___bank_scene_12_sprites           scene_12_sprites
     00000008  ___bank_scene_13_collisions        scene_13_collisions
     00000008  ___bank_scene_14_collisions        scene_14_collisions
     00000008  ___bank_scene_15_collisions        scene_15_collisions
     00000008  ___bank_scene_16_collisions        scene_16_collisions
     00000008  ___bank_scene_17_collisions        scene_17_collisions
     00000008  ___bank_scene_18_collisions        scene_18_collisions
     00000008  ___bank_scene_19_collisions        scene_19_collisions
     00000008  ___bank_scene_20_collisions        scene_20_collisions
     00000008  ___bank_scene_21_collisions        scene_21_collisions
     00000008  ___bank_scene_22_collisions        scene_22_collisions
     00000008  ___bank_scene_23_collisions        scene_23_collisions
     00000008  ___bank_scene_24_collisions        scene_24_collisions
     00000008  ___bank_scene_25_collisions        scene_25_collisions
     00000008  ___bank_scene_26_collisions        scene_26_collisions
     00000008  ___bank_scene_27_collisions        scene_27_collisions
     00000008  ___bank_scene_28_collisions        scene_28_collisions
     00000008  ___bank_scene_29_collisions        scene_29_collisions
     00000008  ___bank_scene_2_collisions         scene_2_collisions
     00000008  ___bank_scene_30_collisions        scene_30_collisions
     00000008  ___bank_scene_31_collisions        scene_31_collisions
     00000008  ___bank_scene_32_collisions        scene_32_collisions
     00000008  ___bank_scene_33_collisions        scene_33_collisions
     00000008  ___bank_scene_34_collisions        scene_34_collisions
     00000008  ___bank_scene_35_collisions        scene_35_collisions
     00000008  ___bank_scene_36_collisions        scene_36_collisions
     00000008  ___bank_scene_3_collisions         scene_3_collisions
     00000008  ___bank_scene_4_collisions         scene_4_collisions
     00000008  ___bank_scene_5_collisions         scene_5_collisions
     00000008  ___bank_scene_6_collisions         scene_6_collisions
     00000008  ___bank_scene_7_collisions         scene_7_collisions
     00000008  ___bank_scene_8_collisions         scene_8_collisions
     00000008  ___bank_scene_9_collisions         scene_9_collisions
     00000008  b_fade_applypalettechange          fade_manager
     00000008  b_fade_in                          fade_manager
     00000008  b_fade_in_modal                    fade_manager
     00000008  b_fade_init                        fade_manager
     00000008  b_fade_out                         fade_manager
     00000008  b_fade_out_modal                   fade_manager
     00000008  b_fade_setspeed                    fade_manager
     00000008  b_fade_update                      fade_manager
     00000008  l__HEADER3                      
     00000009  ___bank_VM_GBPRINTER               vm_gbprinter
     00000009  ___bank_VM_LOAD_SAVE               vm_load_save
     00000009  ___bank_VM_MATH                    vm_math
     00000009  ___bank_VM_MUSIC                   vm_music
     00000009  ___bank_VM_PALETTE                 vm_palette
     00000009  ___bank_VM_PROJECTILE              vm_projectiles
     00000009  ___bank_VM_RTC                     vm_rtc
ASxxxx Linker V03.00/V05.40 + sdld,  page 9.
Hexadecimal  [32-Bits]

Area                                    Addr        Size        Decimal Bytes (Attributes)
--------------------------------        ----        ----        ------- ----- ------------
.  .ABS.                            00000000    00000000 =           0. bytes (ABS,CON)

      Value  Global                              Global Defined In Module
      -----  --------------------------------   ------------------------
     00000009  ___bank_VM_SCENE                   vm_scene
     00000009  ___bank_actor_10_interact          actor_10_interact
     00000009  ___bank_actor_11_interact          actor_11_interact
     00000009  ___bank_actor_12_interact          actor_12_interact
     00000009  ___bank_actor_13_interact          actor_13_interact
     00000009  ___bank_actor_18_interact          actor_18_interact
     00000009  ___bank_actor_22_interact          actor_22_interact
     00000009  ___bank_actor_23_interact          actor_23_interact
     00000009  ___bank_actor_28_interact          actor_28_interact
     00000009  ___bank_actor_33_interact          actor_33_interact
     00000009  ___bank_actor_37_interact          actor_37_interact
     00000009  ___bank_actor_47_interact          actor_47_interact
     00000009  ___bank_actor_49_interact          actor_49_interact
     00000009  ___bank_actor_4_interact           actor_4_interact
     00000009  ___bank_actor_50_interact          actor_50_interact
     00000009  ___bank_bg_ghots_grotto_tilemap    bg_ghots_grotto_tilemap
     00000009  ___bank_bg_intro_tilemap           bg_intro_tilemap
     00000009  ___bank_bg_section_08_tileset      bg_section_08_tileset
     00000009  ___bank_bg_section_15_tileset      bg_section_15_tileset
     00000009  ___bank_bg_section_18_tileset      bg_section_18_tileset
     00000009  ___bank_bg_section_32_tileset      bg_section_32_tileset
     00000009  ___bank_frame_image                frame_image
     00000009  ___bank_scene_25_actors            scene_25_actors
     00000009  ___bank_scene_25_init              scene_25_init
     00000009  ___bank_scene_27_actors            scene_27_actors
     00000009  ___bank_scene_28_actors            scene_28_actors
     00000009  ___bank_scene_29_actors            scene_29_actors
     00000009  ___bank_scene_31_actors            scene_31_actors
     00000009  ___bank_scene_32_actors            scene_32_actors
     00000009  ___bank_scene_33_actors            scene_33_actors
     00000009  ___bank_scene_34_actors            scene_34_actors
     00000009  ___bank_scene_35_actors            scene_35_actors
     00000009  ___bank_scene_36_actors            scene_36_actors
     00000009  ___bank_scene_37_collisions        scene_37_collisions
     00000009  ___bank_scene_37_init              scene_37_init
     00000009  ___bank_scene_38_collisions        scene_38_collisions
     00000009  ___bank_scene_39_collisions        scene_39_collisions
     00000009  ___bank_scene_41_collisions        scene_41_collisions
     00000009  ___bank_script_3                   script_3
     00000009  ___bank_script_engine_init         
     00000009  ___bank_sprite_actor               sprite_actor
     00000009  ___bank_sprite_actor_animated      sprite_actor_animated
     00000009  ___bank_sprite_actor_tileset       sprite_actor_tileset
     00000009  ___bank_sprite_boat_with_boat_ti   sprite_boat_with_boat_tilese
     00000009  ___bank_sprite_tile_0089_tileset   sprite_tile_0089_tileset
     00000009  ___bank_sprite_tile_0091_tileset   sprite_tile_0091_tileset
     00000009  ___bank_trigger_0_interact         trigger_0_interact
     00000009  ___bank_trigger_100_interact       trigger_100_interact
     00000009  ___bank_trigger_101_interact       trigger_101_interact
     00000009  ___bank_trigger_102_interact       trigger_102_interact
     00000009  ___bank_trigger_103_interact       trigger_103_interact
ASxxxx Linker V03.00/V05.40 + sdld,  page 10.
Hexadecimal  [32-Bits]

Area                                    Addr        Size        Decimal Bytes (Attributes)
--------------------------------        ----        ----        ------- ----- ------------
.  .ABS.                            00000000    00000000 =           0. bytes (ABS,CON)

      Value  Global                              Global Defined In Module
      -----  --------------------------------   ------------------------
     00000009  ___bank_trigger_104_interact       trigger_104_interact
     00000009  ___bank_trigger_105_interact       trigger_105_interact
     00000009  ___bank_trigger_106_interact       trigger_106_interact
     00000009  ___bank_trigger_107_interact       trigger_107_interact
     00000009  ___bank_trigger_108_interact       trigger_108_interact
     00000009  ___bank_trigger_109_interact       trigger_109_interact
     00000009  ___bank_trigger_10_interact        trigger_10_interact
     00000009  ___bank_trigger_110_interact       trigger_110_interact
     00000009  ___bank_trigger_111_interact       trigger_111_interact
     00000009  ___bank_trigger_112_interact       trigger_112_interact
     00000009  ___bank_trigger_113_interact       trigger_113_interact
     00000009  ___bank_trigger_114_interact       trigger_114_interact
     00000009  ___bank_trigger_115_interact       trigger_115_interact
     00000009  ___bank_trigger_116_interact       trigger_116_interact
     00000009  ___bank_trigger_117_interact       trigger_117_interact
     00000009  ___bank_trigger_118_interact       trigger_118_interact
     00000009  ___bank_trigger_119_interact       trigger_119_interact
     00000009  ___bank_trigger_11_interact        trigger_11_interact
     00000009  ___bank_trigger_120_interact       trigger_120_interact
     00000009  ___bank_trigger_121_interact       trigger_121_interact
     00000009  ___bank_trigger_122_interact       trigger_122_interact
     00000009  ___bank_trigger_14_interact        trigger_14_interact
     00000009  ___bank_trigger_15_interact        trigger_15_interact
     00000009  ___bank_trigger_16_interact        trigger_16_interact
     00000009  ___bank_trigger_17_interact        trigger_17_interact
     00000009  ___bank_trigger_18_interact        trigger_18_interact
     00000009  ___bank_trigger_19_interact        trigger_19_interact
     00000009  ___bank_trigger_1_interact         trigger_1_interact
     00000009  ___bank_trigger_20_interact        trigger_20_interact
     00000009  ___bank_trigger_21_interact        trigger_21_interact
     00000009  ___bank_trigger_22_interact        trigger_22_interact
     00000009  ___bank_trigger_23_interact        trigger_23_interact
     00000009  ___bank_trigger_24_interact        trigger_24_interact
     00000009  ___bank_trigger_25_interact        trigger_25_interact
     00000009  ___bank_trigger_26_interact        trigger_26_interact
     00000009  ___bank_trigger_27_interact        trigger_27_interact
     00000009  ___bank_trigger_28_interact        trigger_28_interact
     00000009  ___bank_trigger_29_interact        trigger_29_interact
     00000009  ___bank_trigger_2_interact         trigger_2_interact
     00000009  ___bank_trigger_30_interact        trigger_30_interact
     00000009  ___bank_trigger_31_interact        trigger_31_interact
     00000009  ___bank_trigger_32_interact        trigger_32_interact
     00000009  ___bank_trigger_33_interact        trigger_33_interact
     00000009  ___bank_trigger_34_interact        trigger_34_interact
     00000009  ___bank_trigger_35_interact        trigger_35_interact
     00000009  ___bank_trigger_36_interact        trigger_36_interact
     00000009  ___bank_trigger_37_interact        trigger_37_interact
     00000009  ___bank_trigger_38_interact        trigger_38_interact
     00000009  ___bank_trigger_39_interact        trigger_39_interact
     00000009  ___bank_trigger_3_interact         trigger_3_interact
     00000009  ___bank_trigger_4_interact         trigger_4_interact
ASxxxx Linker V03.00/V05.40 + sdld,  page 11.
Hexadecimal  [32-Bits]

Area                                    Addr        Size        Decimal Bytes (Attributes)
--------------------------------        ----        ----        ------- ----- ------------
.  .ABS.                            00000000    00000000 =           0. bytes (ABS,CON)

      Value  Global                              Global Defined In Module
      -----  --------------------------------   ------------------------
     00000009  b_erase_flash                      
     00000009  b_events_init                      events
     00000009  b_itoa_fmt                         vm_ui_a
     00000009  b_music_events_poll                music_manager
     00000009  b_music_init_driver                music_manager
     00000009  b_music_init_events                music_manager
     00000009  b_remove_LCD_ISRs                  interrupts
     00000009  b_restore_sram                     flasher
     00000009  b_restore_sram_bank                flasher
     00000009  b_save_sram                        flasher
     00000009  b_save_sram_banks                  
     00000009  b_timers_init                      events
     00000009  b_vm_cos_scale                     vm_math
     00000009  b_vm_load_palette                  vm_palette
     00000009  b_vm_music_mute                    vm_music
     00000009  b_vm_music_play                    vm_music
     00000009  b_vm_music_routine                 vm_music
     00000009  b_vm_music_setpos                  vm_music
     00000009  b_vm_music_stop                    vm_music
     00000009  b_vm_print_detect                  vm_gbprinter
     00000009  b_vm_print_overlay                 vm_gbprinter
     00000009  b_vm_projectile_launch             vm_projectiles
     00000009  b_vm_projectile_load_type          vm_projectiles
     00000009  b_vm_rtc_get                       vm_rtc
     00000009  b_vm_rtc_latch                     vm_rtc
     00000009  b_vm_rtc_set                       vm_rtc
     00000009  b_vm_rtc_start                     vm_rtc
     00000009  b_vm_save_clear                    vm_load_save
     00000009  b_vm_save_peek                     vm_load_save
     00000009  b_vm_scene_pop                     vm_scene
     00000009  b_vm_scene_pop_all                 vm_scene
     00000009  b_vm_scene_push                    vm_scene
     00000009  b_vm_scene_stack_reset             vm_scene
     00000009  b_vm_sfx_play                      vm_music
     00000009  b_vm_sin_scale                     vm_math
     00000009  b_vm_sound_mastervol               vm_music
     0000000A  ___bank_actor_0_interact           actor_0_interact
     0000000A  ___bank_actor_14_interact          actor_14_interact
     0000000A  ___bank_actor_15_interact          actor_15_interact
     0000000A  ___bank_actor_19_interact          actor_19_interact
     0000000A  ___bank_actor_1_interact           actor_1_interact
     0000000A  ___bank_actor_20_interact          actor_20_interact
     0000000A  ___bank_actor_21_interact          actor_21_interact
     0000000A  ___bank_actor_2_interact           actor_2_interact
     0000000A  ___bank_actor_39_interact          actor_39_interact
     0000000A  ___bank_actor_40_interact          actor_40_interact
     0000000A  ___bank_actor_41_interact          actor_41_interact
     0000000A  ___bank_actor_42_interact          actor_42_interact
     0000000A  ___bank_actor_43_interact          actor_43_interact
     0000000A  ___bank_actor_44_interact          actor_44_interact
     0000000A  ___bank_actor_45_interact          actor_45_interact
ASxxxx Linker V03.00/V05.40 + sdld,  page 12.
Hexadecimal  [32-Bits]

Area                                    Addr        Size        Decimal Bytes (Attributes)
--------------------------------        ----        ----        ------- ----- ------------
.  .ABS.                            00000000    00000000 =           0. bytes (ABS,CON)

      Value  Global                              Global Defined In Module
      -----  --------------------------------   ------------------------
     0000000A  ___bank_actor_46_interact          actor_46_interact
     0000000A  ___bank_actor_48_interact          actor_48_interact
     0000000A  ___bank_actor_5_interact           actor_5_interact
     0000000A  ___bank_actor_6_interact           actor_6_interact
     0000000A  ___bank_actor_7_interact           actor_7_interact
     0000000A  ___bank_actor_8_interact           actor_8_interact
     0000000A  ___bank_bg_blank_0                 bg_blank_0
     0000000A  ___bank_bg_ghots_grotto            bg_ghots_grotto
     0000000A  ___bank_bg_intro                   bg_intro
     0000000A  ___bank_bg_inventory               bg_inventory
     0000000A  ___bank_bg_section_0               bg_section_0
     0000000A  ___bank_bg_section_05              bg_section_05
     0000000A  ___bank_bg_section_07              bg_section_07
     0000000A  ___bank_bg_section_08              bg_section_08
     0000000A  ___bank_bg_section_09              bg_section_09
     0000000A  ___bank_bg_section_1               bg_section_1
     0000000A  ___bank_bg_section_11              bg_section_11
     0000000A  ___bank_bg_section_14              bg_section_14
     0000000A  ___bank_bg_section_15              bg_section_15
     0000000A  ___bank_bg_section_16              bg_section_16
     0000000A  ___bank_bg_section_17              bg_section_17
     0000000A  ___bank_bg_section_18              bg_section_18
     0000000A  ___bank_bg_section_19              bg_section_19
     0000000A  ___bank_bg_section_2               bg_section_2
     0000000A  ___bank_bg_section_20              bg_section_20
     0000000A  ___bank_bg_section_21              bg_section_21
     0000000A  ___bank_bg_section_22              bg_section_22
     0000000A  ___bank_bg_section_27              bg_section_27
     0000000A  ___bank_bg_section_28              bg_section_28
     0000000A  ___bank_bg_section_3               bg_section_3
     0000000A  ___bank_bg_section_30              bg_section_30
     0000000A  ___bank_bg_section_31              bg_section_31
     0000000A  ___bank_bg_section_32              bg_section_32
     0000000A  ___bank_bg_section_33              bg_section_33
     0000000A  ___bank_bg_section_37              bg_section_37
     0000000A  ___bank_bg_section_38              bg_section_38
     0000000A  ___bank_bg_section_39              bg_section_39
     0000000A  ___bank_bg_section_40              bg_section_40
     0000000A  ___bank_bg_section_41              bg_section_41
     0000000A  ___bank_bg_section_42              bg_section_42
     0000000A  ___bank_bg_section_47              bg_section_47
     0000000A  ___bank_bg_section_49              bg_section_49
     0000000A  ___bank_bg_section_57              bg_section_57
     0000000A  ___bank_bg_section_58              bg_section_58
     0000000A  ___bank_bg_section_61              bg_section_61
     0000000A  ___bank_bg_section_9               bg_section_9
     0000000A  ___bank_bootstrap_script           
     0000000A  ___bank_collision_end_script7      collision_end_script7
     0000000A  ___bank_collision_script7          collision_script7
     0000000A  ___bank_cursor_image               cursor_image
     0000000A  ___bank_emote_question             emote_question
ASxxxx Linker V03.00/V05.40 + sdld,  page 13.
Hexadecimal  [32-Bits]

Area                                    Addr        Size        Decimal Bytes (Attributes)
--------------------------------        ----        ----        ------- ----- ------------
.  .ABS.                            00000000    00000000 =           0. bytes (ABS,CON)

      Value  Global                              Global Defined In Module
      -----  --------------------------------   ------------------------
     0000000A  ___bank_emote_shock                emote_shock
     0000000A  ___bank_scene_1                    scene_1
     0000000A  ___bank_scene_10                   scene_10
     0000000A  ___bank_scene_10_init              scene_10_init
     0000000A  ___bank_scene_10_triggers          scene_10_triggers
     0000000A  ___bank_scene_11                   scene_11
     0000000A  ___bank_scene_11_init              scene_11_init
     0000000A  ___bank_scene_11_triggers          scene_11_triggers
     0000000A  ___bank_scene_12                   scene_12
     0000000A  ___bank_scene_12_actors            scene_12_actors
     0000000A  ___bank_scene_12_init              scene_12_init
     0000000A  ___bank_scene_12_triggers          scene_12_triggers
     0000000A  ___bank_scene_13                   scene_13
     0000000A  ___bank_scene_13_actors            scene_13_actors
     0000000A  ___bank_scene_13_init              scene_13_init
     0000000A  ___bank_scene_13_sprites           scene_13_sprites
     0000000A  ___bank_scene_13_triggers          scene_13_triggers
     0000000A  ___bank_scene_14                   scene_14
     0000000A  ___bank_scene_14_init              scene_14_init
     0000000A  ___bank_scene_14_triggers          scene_14_triggers
     0000000A  ___bank_scene_15                   scene_15
     0000000A  ___bank_scene_15_init              scene_15_init
     0000000A  ___bank_scene_15_triggers          scene_15_triggers
     0000000A  ___bank_scene_16                   scene_16
     0000000A  ___bank_scene_16_init              scene_16_init
     0000000A  ___bank_scene_16_triggers          scene_16_triggers
     0000000A  ___bank_scene_17                   scene_17
     0000000A  ___bank_scene_17_init              scene_17_init
     0000000A  ___bank_scene_17_triggers          scene_17_triggers
     0000000A  ___bank_scene_18                   scene_18
     0000000A  ___bank_scene_18_actors            scene_18_actors
     0000000A  ___bank_scene_18_init              scene_18_init
     0000000A  ___bank_scene_18_sprites           scene_18_sprites
     0000000A  ___bank_scene_18_triggers          scene_18_triggers
     0000000A  ___bank_scene_19                   scene_19
     0000000A  ___bank_scene_19_init              scene_19_init
     0000000A  ___bank_scene_19_triggers          scene_19_triggers
     0000000A  ___bank_scene_1_actors             scene_1_actors
     0000000A  ___bank_scene_1_init               scene_1_init
     0000000A  ___bank_scene_1_triggers           scene_1_triggers
     0000000A  ___bank_scene_2                    scene_2
     0000000A  ___bank_scene_20                   scene_20
     0000000A  ___bank_scene_20_init              scene_20_init
     0000000A  ___bank_scene_20_triggers          scene_20_triggers
     0000000A  ___bank_scene_21                   scene_21
     0000000A  ___bank_scene_21_init              scene_21_init
     0000000A  ___bank_scene_21_sprites           scene_21_sprites
     0000000A  ___bank_scene_21_triggers          scene_21_triggers
     0000000A  ___bank_scene_22                   scene_22
     0000000A  ___bank_scene_22_init              scene_22_init
     0000000A  ___bank_scene_22_sprites           scene_22_sprites
ASxxxx Linker V03.00/V05.40 + sdld,  page 14.
Hexadecimal  [32-Bits]

Area                                    Addr        Size        Decimal Bytes (Attributes)
--------------------------------        ----        ----        ------- ----- ------------
.  .ABS.                            00000000    00000000 =           0. bytes (ABS,CON)

      Value  Global                              Global Defined In Module
      -----  --------------------------------   ------------------------
     0000000A  ___bank_scene_22_triggers          scene_22_triggers
     0000000A  ___bank_scene_23                   scene_23
     0000000A  ___bank_scene_23_init              scene_23_init
     0000000A  ___bank_scene_23_triggers          scene_23_triggers
     0000000A  ___bank_scene_24                   scene_24
     0000000A  ___bank_scene_24_actors            scene_24_actors
     0000000A  ___bank_scene_24_init              scene_24_init
     0000000A  ___bank_scene_24_sprites           scene_24_sprites
     0000000A  ___bank_scene_24_triggers          scene_24_triggers
     0000000A  ___bank_scene_25                   scene_25
     0000000A  ___bank_scene_25_sprites           scene_25_sprites
     0000000A  ___bank_scene_25_triggers          scene_25_triggers
     0000000A  ___bank_scene_26                   scene_26
     0000000A  ___bank_scene_26_actors            scene_26_actors
     0000000A  ___bank_scene_26_init              scene_26_init
     0000000A  ___bank_scene_26_sprites           scene_26_sprites
     0000000A  ___bank_scene_26_triggers          scene_26_triggers
     0000000A  ___bank_scene_27                   scene_27
     0000000A  ___bank_scene_27_init              scene_27_init
     0000000A  ___bank_scene_27_sprites           scene_27_sprites
     0000000A  ___bank_scene_27_triggers          scene_27_triggers
     0000000A  ___bank_scene_28                   scene_28
     0000000A  ___bank_scene_28_init              scene_28_init
     0000000A  ___bank_scene_28_sprites           scene_28_sprites
     0000000A  ___bank_scene_28_triggers          scene_28_triggers
     0000000A  ___bank_scene_29                   scene_29
     0000000A  ___bank_scene_29_init              scene_29_init
     0000000A  ___bank_scene_29_sprites           scene_29_sprites
     0000000A  ___bank_scene_29_triggers          scene_29_triggers
     0000000A  ___bank_scene_2_init               scene_2_init
     0000000A  ___bank_scene_2_triggers           scene_2_triggers
     0000000A  ___bank_scene_3                    scene_3
     0000000A  ___bank_scene_30                   scene_30
     0000000A  ___bank_scene_30_init              scene_30_init
     0000000A  ___bank_scene_30_triggers          scene_30_triggers
     0000000A  ___bank_scene_31                   scene_31
     0000000A  ___bank_scene_31_init              scene_31_init
     0000000A  ___bank_scene_31_sprites           scene_31_sprites
     0000000A  ___bank_scene_31_triggers          scene_31_triggers
     0000000A  ___bank_scene_32                   scene_32
     0000000A  ___bank_scene_32_init              scene_32_init
     0000000A  ___bank_scene_32_sprites           scene_32_sprites
     0000000A  ___bank_scene_32_triggers          scene_32_triggers
     0000000A  ___bank_scene_33                   scene_33
     0000000A  ___bank_scene_33_init              scene_33_init
     0000000A  ___bank_scene_33_sprites           scene_33_sprites
     0000000A  ___bank_scene_33_triggers          scene_33_triggers
     0000000A  ___bank_scene_34                   scene_34
     0000000A  ___bank_scene_34_init              scene_34_init
     0000000A  ___bank_scene_34_sprites           scene_34_sprites
     0000000A  ___bank_scene_34_triggers          scene_34_triggers
ASxxxx Linker V03.00/V05.40 + sdld,  page 15.
Hexadecimal  [32-Bits]

Area                                    Addr        Size        Decimal Bytes (Attributes)
--------------------------------        ----        ----        ------- ----- ------------
.  .ABS.                            00000000    00000000 =           0. bytes (ABS,CON)

      Value  Global                              Global Defined In Module
      -----  --------------------------------   ------------------------
     0000000A  ___bank_scene_35                   scene_35
     0000000A  ___bank_scene_35_init              scene_35_init
     0000000A  ___bank_scene_35_sprites           scene_35_sprites
     0000000A  ___bank_scene_35_triggers          scene_35_triggers
     0000000A  ___bank_scene_36                   scene_36
     0000000A  ___bank_scene_36_init              scene_36_init
     0000000A  ___bank_scene_36_sprites           scene_36_sprites
     0000000A  ___bank_scene_36_triggers          scene_36_triggers
     0000000A  ___bank_scene_37                   scene_37
     0000000A  ___bank_scene_38                   scene_38
     0000000A  ___bank_scene_38_actors            scene_38_actors
     0000000A  ___bank_scene_38_init              scene_38_init
     0000000A  ___bank_scene_38_sprites           scene_38_sprites
     0000000A  ___bank_scene_38_triggers          scene_38_triggers
     0000000A  ___bank_scene_39                   scene_39
     0000000A  ___bank_scene_39_init              scene_39_init
     0000000A  ___bank_scene_39_sprites           scene_39_sprites
     0000000A  ___bank_scene_39_triggers          scene_39_triggers
     0000000A  ___bank_scene_3_actors             scene_3_actors
     0000000A  ___bank_scene_3_init               scene_3_init
     0000000A  ___bank_scene_3_sprites            scene_3_sprites
     0000000A  ___bank_scene_3_triggers           scene_3_triggers
     0000000A  ___bank_scene_4                    scene_4
     0000000A  ___bank_scene_40                   scene_40
     0000000A  ___bank_scene_41                   scene_41
     0000000A  ___bank_scene_41_init              scene_41_init
     0000000A  ___bank_scene_4_init               scene_4_init
     0000000A  ___bank_scene_4_triggers           scene_4_triggers
     0000000A  ___bank_scene_5                    scene_5
     0000000A  ___bank_scene_5_actors             scene_5_actors
     0000000A  ___bank_scene_5_init               scene_5_init
     0000000A  ___bank_scene_5_sprites            scene_5_sprites
     0000000A  ___bank_scene_5_triggers           scene_5_triggers
     0000000A  ___bank_scene_6                    scene_6
     0000000A  ___bank_scene_6_actors             scene_6_actors
     0000000A  ___bank_scene_6_init               scene_6_init
     0000000A  ___bank_scene_6_sprites            scene_6_sprites
     0000000A  ___bank_scene_6_triggers           scene_6_triggers
     0000000A  ___bank_scene_7                    scene_7
     0000000A  ___bank_scene_7_init               scene_7_init
     0000000A  ___bank_scene_7_triggers           scene_7_triggers
     0000000A  ___bank_scene_8                    scene_8
     0000000A  ___bank_scene_8_init               scene_8_init
     0000000A  ___bank_scene_8_triggers           scene_8_triggers
     0000000A  ___bank_scene_9                    scene_9
     0000000A  ___bank_scene_9_actors             scene_9_actors
     0000000A  ___bank_scene_9_init               scene_9_init
     0000000A  ___bank_scene_9_sprites            scene_9_sprites
     0000000A  ___bank_scene_9_triggers           scene_9_triggers
     0000000A  ___bank_script_1                   script_1
     0000000A  ___bank_script_2                   script_2
ASxxxx Linker V03.00/V05.40 + sdld,  page 16.
Hexadecimal  [32-Bits]

Area                                    Addr        Size        Decimal Bytes (Attributes)
--------------------------------        ----        ----        ------- ----- ------------
.  .ABS.                            00000000    00000000 =           0. bytes (ABS,CON)

      Value  Global                              Global Defined In Module
      -----  --------------------------------   ------------------------
     0000000A  ___bank_script_input_0             script_input_0
     0000000A  ___bank_script_input_1             script_input_1
     0000000A  ___bank_script_input_2             script_input_2
     0000000A  ___bank_sprite_boat_with_boat      sprite_boat_with_boat
     0000000A  ___bank_sprite_character2          sprite_character2
     0000000A  ___bank_sprite_character2_tilese   sprite_character2_tileset
     0000000A  ___bank_sprite_enemy0              sprite_enemy0
     0000000A  ___bank_sprite_enemy0_tileset      sprite_enemy0_tileset
     0000000A  ___bank_sprite_enemy2              sprite_enemy2
     0000000A  ___bank_sprite_enemy2_tileset      sprite_enemy2_tileset
     0000000A  ___bank_sprite_tile_0032           sprite_tile_0032
     0000000A  ___bank_sprite_tile_0032_tileset   sprite_tile_0032_tileset
     0000000A  ___bank_sprite_tile_0048           sprite_tile_0048
     0000000A  ___bank_sprite_tile_0048_tileset   sprite_tile_0048_tileset
     0000000A  ___bank_sprite_tile_0067           sprite_tile_0067
     0000000A  ___bank_sprite_tile_0067_tileset   sprite_tile_0067_tileset
     0000000A  ___bank_sprite_tile_0088           sprite_tile_0088
     0000000A  ___bank_sprite_tile_0088_tileset   sprite_tile_0088_tileset
     0000000A  ___bank_sprite_tile_0089           sprite_tile_0089
     0000000A  ___bank_sprite_tile_0090           sprite_tile_0090
     0000000A  ___bank_sprite_tile_0090_tileset   sprite_tile_0090_tileset
     0000000A  ___bank_sprite_tile_0091           sprite_tile_0091
     0000000A  ___bank_sprite_tile_0118           sprite_tile_0118
     0000000A  ___bank_sprite_tile_0118_tileset   sprite_tile_0118_tileset
     0000000A  ___bank_sprite_tile_0121           sprite_tile_0121
     0000000A  ___bank_sprite_tile_0121_tileset   sprite_tile_0121_tileset
     0000000A  ___bank_sprite_tile_0122           sprite_tile_0122
     0000000A  ___bank_sprite_tile_0122_tileset   sprite_tile_0122_tileset
     0000000A  ___bank_sprite_tile_0124           sprite_tile_0124
     0000000A  ___bank_sprite_tile_0124_tileset   sprite_tile_0124_tileset
     0000000A  ___bank_sprite_tile_0125           sprite_tile_0125
     0000000A  ___bank_sprite_tile_0125_tileset   sprite_tile_0125_tileset
     0000000A  ___bank_sprite_tile_0126           sprite_tile_0126
     0000000A  ___bank_sprite_tile_0126_tileset   sprite_tile_0126_tileset
     0000000A  ___bank_sprite_tile_0127           sprite_tile_0127
     0000000A  ___bank_sprite_tile_0127_tileset   sprite_tile_0127_tileset
     0000000A  ___bank_sprite_tile_0135           sprite_tile_0135
     0000000A  ___bank_sprite_tile_0135_tileset   sprite_tile_0135_tileset
     0000000A  ___bank_spritesheet_none           spritesheet_none
     0000000A  ___bank_trigger_13_interact        trigger_13_interact
     0000000A  ___bank_trigger_40_interact        trigger_40_interact
     0000000A  ___bank_trigger_41_interact        trigger_41_interact
     0000000A  ___bank_trigger_42_interact        trigger_42_interact
     0000000A  ___bank_trigger_43_interact        trigger_43_interact
     0000000A  ___bank_trigger_44_interact        trigger_44_interact
     0000000A  ___bank_trigger_45_interact        trigger_45_interact
     0000000A  ___bank_trigger_46_interact        trigger_46_interact
     0000000A  ___bank_trigger_47_interact        trigger_47_interact
     0000000A  ___bank_trigger_48_interact        trigger_48_interact
     0000000A  ___bank_trigger_49_interact        trigger_49_interact
     0000000A  ___bank_trigger_50_interact        trigger_50_interact
ASxxxx Linker V03.00/V05.40 + sdld,  page 17.
Hexadecimal  [32-Bits]

Area                                    Addr        Size        Decimal Bytes (Attributes)
--------------------------------        ----        ----        ------- ----- ------------
.  .ABS.                            00000000    00000000 =           0. bytes (ABS,CON)

      Value  Global                              Global Defined In Module
      -----  --------------------------------   ------------------------
     0000000A  ___bank_trigger_51_interact        trigger_51_interact
     0000000A  ___bank_trigger_52_interact        trigger_52_interact
     0000000A  ___bank_trigger_53_interact        trigger_53_interact
     0000000A  ___bank_trigger_54_interact        trigger_54_interact
     0000000A  ___bank_trigger_55_interact        trigger_55_interact
     0000000A  ___bank_trigger_56_interact        trigger_56_interact
     0000000A  ___bank_trigger_57_interact        trigger_57_interact
     0000000A  ___bank_trigger_58_interact        trigger_58_interact
     0000000A  ___bank_trigger_59_interact        trigger_59_interact
     0000000A  ___bank_trigger_5_interact         trigger_5_interact
     0000000A  ___bank_trigger_60_interact        trigger_60_interact
     0000000A  ___bank_trigger_61_interact        trigger_61_interact
     0000000A  ___bank_trigger_62_interact        trigger_62_interact
     0000000A  ___bank_trigger_63_interact        trigger_63_interact
     0000000A  ___bank_trigger_64_interact        trigger_64_interact
     0000000A  ___bank_trigger_65_interact        trigger_65_interact
     0000000A  ___bank_trigger_66_interact        trigger_66_interact
     0000000A  ___bank_trigger_67_interact        trigger_67_interact
     0000000A  ___bank_trigger_68_interact        trigger_68_interact
     0000000A  ___bank_trigger_69_interact        trigger_69_interact
     0000000A  ___bank_trigger_6_interact         trigger_6_interact
     0000000A  ___bank_trigger_70_interact        trigger_70_interact
     0000000A  ___bank_trigger_71_interact        trigger_71_interact
     0000000A  ___bank_trigger_72_interact        trigger_72_interact
     0000000A  ___bank_trigger_73_interact        trigger_73_interact
     0000000A  ___bank_trigger_74_interact        trigger_74_interact
     0000000A  ___bank_trigger_75_interact        trigger_75_interact
     0000000A  ___bank_trigger_76_interact        trigger_76_interact
     0000000A  ___bank_trigger_77_interact        trigger_77_interact
     0000000A  ___bank_trigger_78_interact        trigger_78_interact
     0000000A  ___bank_trigger_79_interact        trigger_79_interact
     0000000A  ___bank_trigger_7_interact         trigger_7_interact
     0000000A  ___bank_trigger_80_interact        trigger_80_interact
     0000000A  ___bank_trigger_81_interact        trigger_81_interact
     0000000A  ___bank_trigger_82_interact        trigger_82_interact
     0000000A  ___bank_trigger_83_interact        trigger_83_interact
     0000000A  ___bank_trigger_84_interact        trigger_84_interact
     0000000A  ___bank_trigger_85_interact        trigger_85_interact
     0000000A  ___bank_trigger_86_interact        trigger_86_interact
     0000000A  ___bank_trigger_87_interact        trigger_87_interact
     0000000A  ___bank_trigger_88_interact        trigger_88_interact
     0000000A  ___bank_trigger_89_interact        trigger_89_interact
     0000000A  ___bank_trigger_8_interact         trigger_8_interact
     0000000A  ___bank_trigger_90_interact        trigger_90_interact
     0000000A  ___bank_trigger_91_interact        trigger_91_interact
     0000000A  ___bank_trigger_92_interact        trigger_92_interact
     0000000A  ___bank_trigger_93_interact        trigger_93_interact
     0000000A  ___bank_trigger_94_interact        trigger_94_interact
     0000000A  ___bank_trigger_95_interact        trigger_95_interact
     0000000A  ___bank_trigger_96_interact        trigger_96_interact
     0000000A  ___bank_trigger_97_interact        trigger_97_interact
ASxxxx Linker V03.00/V05.40 + sdld,  page 18.
Hexadecimal  [32-Bits]

Area                                    Addr        Size        Decimal Bytes (Attributes)
--------------------------------        ----        ----        ------- ----- ------------
.  .ABS.                            00000000    00000000 =           0. bytes (ABS,CON)

      Value  Global                              Global Defined In Module
      -----  --------------------------------   ------------------------
     0000000A  ___bank_trigger_98_interact        trigger_98_interact
     0000000A  ___bank_trigger_99_interact        trigger_99_interact
     0000000A  ___bank_trigger_9_interact         trigger_9_interact
     0000000A  b_SIO_init                         sio
     0000000A  b_camera_init                      camera
     0000000A  b_input_init                       input
     0000000A  b_palette_init                     palette
     0000000A  b_parallax_init                    parallax
     0000000A  b_scroll_rect                      
     0000000C  __start_save                    
     0000001D  l__INITIALIZED                  
     0000001D  l__INITIALIZER                  
     00000027  l__GSINIT                       
     00000030  l__HEADER7                      
     00000060  l__HEADER4                      
     000000AB  l__HEADER11                     
     000001CB  l__CRASH_SCRATCH2               
     00000200  s__CODE                         
     00000E64  l__CODE                         
     00001064  s__HOME                         
     00001A0C  l__DATA                         
     00002000  _rROMB0                            
     00002C6D  l__HOME                         
     00003000  _rROMB1                            
     00003851  l__CODE_10                      
     00003CD1  s__BASE                         
     00003CD1  s__CODE_0                       
     00003CD1  s__INITIALIZER                  
     00003CD1  s__LIT                          
     00003CEE  s__GSINIT                       
     00003D15  s__GSFINAL                      
     00003FFE  l__CODE_4                       
     00003FFE  l__CODE_6                       
     00003FFE  l__CODE_9                       
     00004000  _RTC_SELECT_REG                    vm_rtc
     00004000  _rRAMB                             
     00004000  l__CODE_1                       
     00004000  l__CODE_2                       
     00004000  l__CODE_3                       
     00004000  l__CODE_5                       
     00004000  l__CODE_7                       
     00004000  l__CODE_8                       
     00006000  _RTC_LATCH_REG                     vm_rtc
     00008000  __VRAM                             
     00008000  __VRAM8000                         
     00008800  __VRAM8800                         
     00009000  __VRAM9000                         
     00009800  __SCRN0                            
     00009C00  __SCRN1                            
     0000A000  _RTC_VALUE_REG                     vm_rtc
     0000A000  __SRAM                             
ASxxxx Linker V03.00/V05.40 + sdld,  page 19.
Hexadecimal  [32-Bits]

Area                                    Addr        Size        Decimal Bytes (Attributes)
--------------------------------        ----        ----        ------- ----- ------------
.  .ABS.                            00000000    00000000 =           0. bytes (ABS,CON)

      Value  Global                              Global Defined In Module
      -----  --------------------------------   ------------------------
     0000C000  __RAM                              
     0000C000  _shadow_OAM                     
     0000C0A0  s__DATA                         
     0000D000  __RAMBANK                          
     0000DAAC  s__BSS                          
     0000DAAC  s__INITIALIZED                  
     0000DAC9  s__HEAP                         
     0000DAC9  s__HEAP_END                     
     0000DF00  .STACK                          
     0000DF00  _shadow_OAM2                       absolute
     0000DFA0  _BkgPalette                        absolute
     0000DFE0  _vwf_tile_data                     absolute
     0000FE00  __OAMRAM                           
     0000FF00  _P1_REG                            
     0000FF00  __IO                               
     0000FF01  _SB_REG                            
     0000FF02  _SC_REG                            
     0000FF04  _DIV_REG                           
     0000FF05  _TIMA_REG                          
     0000FF06  _TMA_REG                           
     0000FF07  _TAC_REG                           
     0000FF0F  _IF_REG                            
     0000FF10  _NR10_REG                          
     0000FF11  _NR11_REG                          
     0000FF12  _NR12_REG                          
     0000FF13  _NR13_REG                          
     0000FF14  _NR14_REG                          
     0000FF16  _NR21_REG                          
     0000FF17  _NR22_REG                          
     0000FF18  _NR23_REG                          
     0000FF19  _NR24_REG                          
     0000FF1A  _NR30_REG                          
     0000FF1B  _NR31_REG                          
     0000FF1C  _NR32_REG                          
     0000FF1D  _NR33_REG                          
     0000FF1E  _NR34_REG                          
     0000FF20  _NR41_REG                          
     0000FF21  _NR42_REG                          
     0000FF22  _NR43_REG                          
     0000FF23  _NR44_REG                          
     0000FF24  _NR50_REG                          
     0000FF25  _NR51_REG                          
     0000FF26  _NR52_REG                          
     0000FF30  _AUD3WAVE                          
     0000FF30  _PCM_SAMPLE                        
     0000FF30  __AUD3WAVERAM                      
     0000FF40  _LCDC_REG                          
     0000FF41  _STAT_REG                          
     0000FF42  _SCY_REG                           
     0000FF43  _SCX_REG                           
     0000FF44  _LY_REG                            
ASxxxx Linker V03.00/V05.40 + sdld,  page 20.
Hexadecimal  [32-Bits]

Area                                    Addr        Size        Decimal Bytes (Attributes)
--------------------------------        ----        ----        ------- ----- ------------
.  .ABS.                            00000000    00000000 =           0. bytes (ABS,CON)

      Value  Global                              Global Defined In Module
      -----  --------------------------------   ------------------------
     0000FF45  _LYC_REG                           
     0000FF46  _DMA_REG                           
     0000FF47  _BGP_REG                           
     0000FF48  _OBP0_REG                          
     0000FF49  _OBP1_REG                          
     0000FF4A  _WY_REG                            
     0000FF4B  _WX_REG                            
     0000FF4D  _KEY1_REG                          
     0000FF4F  _VBK_REG                           
     0000FF51  _HDMA1_REG                         
     0000FF52  _HDMA2_REG                         
     0000FF53  _HDMA3_REG                         
     0000FF54  _HDMA4_REG                         
     0000FF55  _HDMA5_REG                         
     0000FF56  _RP_REG                            
     0000FF68  _BCPS_REG                          
     0000FF69  _BCPD_REG                          
     0000FF6A  _OCPS_REG                          
     0000FF6B  _OCPD_REG                          
     0000FF70  _SVBK_REG                          
     0000FF76  _PCM12_REG                         
     0000FF77  _PCM34_REG                         
     0000FF80  .refresh_OAM                    
     0000FF80  __HRAM                             
     0000FFFF  _IE_REG                            
     00014000  s__CODE_1                       
     00024000  s__CODE_2                       
     00034000  s__CODE_3                       
     00044000  s__CODE_4                       
     00054000  s__CODE_5                       
     00064000  s__CODE_6                       
     00074000  s__CODE_7                       
     00084000  s__CODE_8                       
     00094000  s__CODE_9                       
     000A4000  s__CODE_10                      

ASxxxx Linker V03.00/V05.40 + sdld,  page 21.
Hexadecimal  [32-Bits]

Area                                    Addr        Size        Decimal Bytes (Attributes)
--------------------------------        ----        ----        ------- ----- ------------
_CODE                               00000200    00000E64 =        3684. bytes (REL,CON)

      Value  Global                              Global Defined In Module
      -----  --------------------------------   ------------------------
     00000200  ___HandleCrash                     
     0000020A  _SIO_send_byte                     
     0000021D  _SIO_receive                       
     0000022E  _GetWinAddr                        
     00000236  _GetBkgAddr                        
     00000244  _state_init                        
     00000249  _state_update                      
     0000026B  _ui_time_masks                     
     00000273  _ui_print_shift_char               
     000002F6  _ui_draw_frame_row                 
     000002FF  .ui_draw_frame_row                 
     00000328  _script_cmds                       vm_instructions
     00000560  _save_signature                    game_signature
     00000564  _start_scene_x                     
     00000566  _start_scene_y                     
     00000568  _start_scene_dir                   
     00000569  _start_scene                       
     0000056C  _start_player_move_speed           
     0000056D  _start_player_anim_tick            
     0000056E  _ui_fonts                          
     00000571  _core_reset_hook                   main
     00000579  _main                              main
     00000581  _state_start_fns                   
     00000593  _state_update_fns                  
     000005A5  _hUGE_init                         hUGEDriver_obj
     000005A7  hUGE_init                          hUGEDriver_obj
     000005FD  _hUGE_mute_channel                 hUGEDriver_obj
     000005FF  hUGE_mute_channel                  hUGEDriver_obj
     0000084D  _hUGE_set_position                 hUGEDriver_obj
     0000084F  hUGE_set_position                  hUGEDriver_obj
     00000A14  _hUGE_dosound                      hUGEDriver_obj
     00000A14  hUGE_dosound                       hUGEDriver_obj
     00000D40  _get_vram_byte                     
     00000D48  _get_win_tile_xy                   
     00000D50  _get_bkg_tile_xy                   
     00000D77  _hide_sprites_range                Metasprites
     00000DA6  __mulsuchar                        mul
     00000DA9  __muluschar                        mul
     00000DB2  __mulschar                         mul
     00000DBA  __mulint                           mul
     00000DD9  __muluchar                         mul
     00000DEB  _set_vram_byte                     
     00000DF4  _set_win_tile_xy                   
     00000DFD  _set_bkg_tile_xy                   
     00000E2C  .sgb_check                         
     00000E2C  _sgb_check                         
     00000E74  _sgb_transfer                      
     00000E79  .sgb_transfer                      
     00000EBA  .copy_vram                         
     00000EC0  _get_data                          
ASxxxx Linker V03.00/V05.40 + sdld,  page 22.
Hexadecimal  [32-Bits]

Area                                    Addr        Size        Decimal Bytes (Attributes)
--------------------------------        ----        ----        ------- ----- ------------
_CODE                               00000200    00000E64 =        3684. bytes (REL,CON)

      Value  Global                              Global Defined In Module
      -----  --------------------------------   ------------------------
     00000EC0  _set_data                          
     00000EC0  _vmemcpy                           
     00000F0E  ___move_metasprite                 Metasprites
     00000F4B  ___memcpy                          
     00000F4B  _memcpy                            
     00000F7D  __divsuchar                        divmod
     00000F83  __modsuchar                        divmod
     00000F8C  __divuschar                        divmod
     00000F95  __moduschar                        divmod
     00000FA1  __divschar                         divmod
     00000FA6  __modschar                         divmod
     00000FAD  __divsint                          divmod
     00000FB6  __modsint                          divmod
     00000FC2  __divuchar                         divmod
     00000FC7  __moduchar                         divmod
     00000FCE  __divuint                          divmod
     00000FD7  __moduint                          divmod
     00000FE3  .div8                              divmod
     00000FE3  .mod8                              divmod
     00000FEB  .div16                             divmod
     00000FEB  .mod16                             divmod
     00001021  .divu8                             divmod
     00001021  .modu8                             divmod
     00001024  .divu16                            divmod
     00001024  .modu16                            divmod
ASxxxx Linker V03.00/V05.40 + sdld,  page 23.
Hexadecimal  [32-Bits]

Area                                    Addr        Size        Decimal Bytes (Attributes)
--------------------------------        ----        ----        ------- ----- ------------
_HEADER0                            00000000    00000001 =           1. bytes (ABS,CON)

      Value  Global                              Global Defined In Module
      -----  --------------------------------   ------------------------
     00000020  .call_hl                           Runtime

ASxxxx Linker V03.00/V05.40 + sdld,  page 24.
Hexadecimal  [32-Bits]

Area                                    Addr        Size        Decimal Bytes (Attributes)
--------------------------------        ----        ----        ------- ----- ------------
_HEADER1                            00000000    00000005 =           5. bytes (ABS,CON)

      Value  Global                              Global Defined In Module
      -----  --------------------------------   ------------------------
     00000028  .MemsetSmall                       Runtime

ASxxxx Linker V03.00/V05.40 + sdld,  page 25.
Hexadecimal  [32-Bits]

Area                                    Addr        Size        Decimal Bytes (Attributes)
--------------------------------        ----        ----        ------- ----- ------------
_HEADER2                            00000000    00000007 =           7. bytes (ABS,CON)

      Value  Global                              Global Defined In Module
      -----  --------------------------------   ------------------------
     00000030  .MemcpySmall                       Runtime

ASxxxx Linker V03.00/V05.40 + sdld,  page 26.
Hexadecimal  [32-Bits]

Area                                    Addr        Size        Decimal Bytes (Attributes)
--------------------------------        ----        ----        ------- ----- ------------
_HEADER3                            00000000    00000008 =           8. bytes (ABS,CON)

      Value  Global                              Global Defined In Module
      -----  --------------------------------   ------------------------
ASxxxx Linker V03.00/V05.40 + sdld,  page 27.
Hexadecimal  [32-Bits]

Area                                    Addr        Size        Decimal Bytes (Attributes)
--------------------------------        ----        ----        ------- ----- ------------
_HEADER4                            00000000    00000060 =          96. bytes (ABS,CON)

      Value  Global                              Global Defined In Module
      -----  --------------------------------   ------------------------
     00000080  .int                               Runtime
     0000008F  _wait_int_handler                  Runtime
     0000009C  __standard_VBL_handler             Runtime
     000000AB  _refresh_OAM                       Runtime
     000000CC  _set_interrupts                    Runtime

ASxxxx Linker V03.00/V05.40 + sdld,  page 28.
Hexadecimal  [32-Bits]

Area                                    Addr        Size        Decimal Bytes (Attributes)
--------------------------------        ----        ----        ------- ----- ------------
_HEADER5                            00000000    00000001 =           1. bytes (ABS,CON)

[...]
/home/deck/.cache/gbstudio-v4/_gbsbuild/obj/trigger_104_interact.rel
                                          [ trigger_104_interact ]
/home/deck/.cache/gbstudio-v4/_gbsbuild/obj/trigger_105_interact.rel
                                          [ trigger_105_interact ]
/home/deck/.cache/gbstudio-v4/_gbsbuild/obj/trigger_106_interact.rel
                                          [ trigger_106_interact ]
/home/deck/.cache/gbstudio-v4/_gbsbuild/obj/trigger_107_interact.rel
                                          [ trigger_107_interact ]
/home/deck/.cache/gbstudio-v4/_gbsbuild/obj/trigger_108_interact.rel
                                          [ trigger_108_interact ]
/home/deck/.cache/gbstudio-v4/_gbsbuild/obj/trigger_109_interact.rel
                                          [ trigger_109_interact ]
/home/deck/.cache/gbstudio-v4/_gbsbuild/obj/trigger_11_interact.rel
                                          [ trigger_11_interact ]
/home/deck/.cache/gbstudio-v4/_gbsbuild/obj/trigger_110_interact.rel
                                          [ trigger_110_interact ]
/home/deck/.cache/gbstudio-v4/_gbsbuild/obj/trigger_111_interact.rel
                                          [ trigger_111_interact ]
/home/deck/.cache/gbstudio-v4/_gbsbuild/obj/trigger_112_interact.rel
                                          [ trigger_112_interact ]
/home/deck/.cache/gbstudio-v4/_gbsbuild/obj/trigger_113_interact.rel
                                          [ trigger_113_interact ]
/home/deck/.cache/gbstudio-v4/_gbsbuild/obj/trigger_114_interact.rel
                                          [ trigger_114_interact ]
/home/deck/.cache/gbstudio-v4/_gbsbuild/obj/trigger_115_interact.rel
                                          [ trigger_115_interact ]
/home/deck/.cache/gbstudio-v4/_gbsbuild/obj/trigger_116_interact.rel
                                          [ trigger_116_interact ]
/home/deck/.cache/gbstudio-v4/_gbsbuild/obj/trigger_117_interact.rel
                                          [ trigger_117_interact ]
/home/deck/.cache/gbstudio-v4/_gbsbuild/obj/trigger_118_interact.rel
                                          [ trigger_118_interact ]
/home/deck/.cache/gbstudio-v4/_gbsbuild/obj/trigger_119_interact.rel
                                          [ trigger_119_interact ]
/home/deck/.cache/gbstudio-v4/_gbsbuild/obj/trigger_12_interact.rel
                                          [ trigger_12_interact ]
/home/deck/.cache/gbstudio-v4/_gbsbuild/obj/trigger_120_interact.rel
                                          [ trigger_120_interact ]
/home/deck/.cache/gbstudio-v4/_gbsbuild/obj/trigger_121_interact.rel
                                          [ trigger_121_interact ]
/home/deck/.cache/gbstudio-v4/_gbsbuild/obj/trigger_122_interact.rel
                                          [ trigger_122_interact ]
/home/deck/.cache/gbstudio-v4/_gbsbuild/obj/trigger_13_interact.rel
                                          [ trigger_13_interact ]
/home/deck/.cache/gbstudio-v4/_gbsbuild/obj/trigger_14_interact.rel
                                          [ trigger_14_interact ]
/home/deck/.cache/gbstudio-v4/_gbsbuild/obj/trigger_15_interact.rel
                                          [ trigger_15_interact ]
/home/deck/.cache/gbstudio-v4/_gbsbuild/obj/trigger_16_interact.rel
                                          [ trigger_16_interact ]
/home/deck/.cache/gbstudio-v4/_gbsbuild/obj/trigger_17_interact.rel
                                          [ trigger_17_interact ]
/home/deck/.cache/gbstudio-v4/_gbsbuild/obj/trigger_18_interact.rel
                                          [ trigger_18_interact ]
/home/deck/.cache/gbstudio-v4/_gbsbuild/obj/trigger_19_interact.rel
                                          [ trigger_19_interact ]
/home/deck/.cache/gbstudio-v4/_gbsbuild/obj/trigger_2_interact.rel
                                          [ trigger_2_interact ]
/home/deck/.cache/gbstudio-v4/_gbsbuild/obj/trigger_20_interact.rel
                                          [ trigger_20_interact ]
/home/deck/.cache/gbstudio-v4/_gbsbuild/obj/trigger_21_interact.rel
                                          [ trigger_21_interact ]
/home/deck/.cache/gbstudio-v4/_gbsbuild/obj/trigger_22_interact.rel
                                          [ trigger_22_interact ]
/home/deck/.cache/gbstudio-v4/_gbsbuild/obj/trigger_23_interact.rel
                                          [ trigger_23_interact ]
/home/deck/.cache/gbstudio-v4/_gbsbuild/obj/trigger_24_interact.rel
                                          [ trigger_24_interact ]
/home/deck/.cache/gbstudio-v4/_gbsbuild/obj/trigger_25_interact.rel
                                          [ trigger_25_interact ]
/home/deck/.cache/gbstudio-v4/_gbsbuild/obj/trigger_26_interact.rel
                                          [ trigger_26_interact ]
/home/deck/.cache/gbstudio-v4/_gbsbuild/obj/trigger_27_interact.rel
                                          [ trigger_27_interact ]
/home/deck/.cache/gbstudio-v4/_gbsbuild/obj/trigger_28_interact.rel
                                          [ trigger_28_interact ]
/home/deck/.cache/gbstudio-v4/_gbsbuild/obj/trigger_29_interact.rel
                                          [ trigger_29_interact ]
/home/deck/.cache/gbstudio-v4/_gbsbuild/obj/trigger_3_interact.rel
                                          [ trigger_3_interact ]
/home/deck/.cache/gbstudio-v4/_gbsbuild/obj/trigger_30_interact.rel
                                          [ trigger_30_interact ]
/home/deck/.cache/gbstudio-v4/_gbsbuild/obj/trigger_31_interact.rel
                                          [ trigger_31_interact ]
/home/deck/.cache/gbstudio-v4/_gbsbuild/obj/trigger_32_interact.rel
                                          [ trigger_32_interact ]
/home/deck/.cache/gbstudio-v4/_gbsbuild/obj/trigger_33_interact.rel
                                          [ trigger_33_interact ]
/home/deck/.cache/gbstudio-v4/_gbsbuild/obj/trigger_34_interact.rel
                                          [ trigger_34_interact ]
/home/deck/.cache/gbstudio-v4/_gbsbuild/obj/trigger_35_interact.rel
                                          [ trigger_35_interact ]
/home/deck/.cache/gbstudio-v4/_gbsbuild/obj/trigger_36_interact.rel
                                          [ trigger_36_interact ]
/home/deck/.cache/gbstudio-v4/_gbsbuild/obj/trigger_37_interact.rel
                                          [ trigger_37_interact ]
/home/deck/.cache/gbstudio-v4/_gbsbuild/obj/trigger_38_interact.rel
                                          [ trigger_38_interact ]
/home/deck/.cache/gbstudio-v4/_gbsbuild/obj/trigger_39_interact.rel
                                          [ trigger_39_interact ]
/home/deck/.cache/gbstudio-v4/_gbsbuild/obj/trigger_4_interact.rel
                                          [ trigger_4_interact ]
/home/deck/.cache/gbstudio-v4/_gbsbuild/obj/trigger_40_interact.rel
                                          [ trigger_40_interact ]
/home/deck/.cache/gbstudio-v4/_gbsbuild/obj/trigger_41_interact.rel
                                          [ trigger_41_interact ]
/home/deck/.cache/gbstudio-v4/_gbsbuild/obj/trigger_42_interact.rel
                                          [ trigger_42_interact ]
/home/deck/.cache/gbstudio-v4/_gbsbuild/obj/trigger_43_interact.rel
                                          [ trigger_43_interact ]
/home/deck/.cache/gbstudio-v4/_gbsbuild/obj/trigger_44_interact.rel
                                          [ trigger_44_interact ]
/home/deck/.cache/gbstudio-v4/_gbsbuild/obj/trigger_45_interact.rel
                                          [ trigger_45_interact ]
/home/deck/.cache/gbstudio-v4/_gbsbuild/obj/trigger_46_interact.rel
                                          [ trigger_46_interact ]
/home/deck/.cache/gbstudio-v4/_gbsbuild/obj/trigger_47_interact.rel
                                          [ trigger_47_interact ]
/home/deck/.cache/gbstudio-v4/_gbsbuild/obj/trigger_48_interact.rel
                                          [ trigger_48_interact ]
/home/deck/.cache/gbstudio-v4/_gbsbuild/obj/trigger_49_interact.rel
                                          [ trigger_49_interact ]
/home/deck/.cache/gbstudio-v4/_gbsbuild/obj/trigger_5_interact.rel
                                          [ trigger_5_interact ]
/home/deck/.cache/gbstudio-v4/_gbsbuild/obj/trigger_50_interact.rel
                                          [ trigger_50_interact ]
/home/deck/.cache/gbstudio-v4/_gbsbuild/obj/trigger_51_interact.rel
                                          [ trigger_51_interact ]
/home/deck/.cache/gbstudio-v4/_gbsbuild/obj/trigger_52_interact.rel
                                          [ trigger_52_interact ]
/home/deck/.cache/gbstudio-v4/_gbsbuild/obj/trigger_53_interact.rel
                                          [ trigger_53_interact ]
/home/deck/.cache/gbstudio-v4/_gbsbuild/obj/trigger_54_interact.rel
                                          [ trigger_54_interact ]
/home/deck/.cache/gbstudio-v4/_gbsbuild/obj/trigger_55_interact.rel
                                          [ trigger_55_interact ]
/home/deck/.cache/gbstudio-v4/_gbsbuild/obj/trigger_56_interact.rel
                                          [ trigger_56_interact ]
/home/deck/.cache/gbstudio-v4/_gbsbuild/obj/trigger_57_interact.rel
                                          [ trigger_57_interact ]
/home/deck/.cache/gbstudio-v4/_gbsbuild/obj/trigger_58_interact.rel
                                          [ trigger_58_interact ]
/home/deck/.cache/gbstudio-v4/_gbsbuild/obj/trigger_59_interact.rel
                                          [ trigger_59_interact ]
/home/deck/.cache/gbstudio-v4/_gbsbuild/obj/trigger_6_interact.rel
                                          [ trigger_6_interact ]
/home/deck/.cache/gbstudio-v4/_gbsbuild/obj/trigger_60_interact.rel
                                          [ trigger_60_interact ]
/home/deck/.cache/gbstudio-v4/_gbsbuild/obj/trigger_61_interact.rel
                                          [ trigger_61_interact ]
/home/deck/.cache/gbstudio-v4/_gbsbuild/obj/trigger_62_interact.rel
                                          [ trigger_62_interact ]
/home/deck/.cache/gbstudio-v4/_gbsbuild/obj/trigger_63_interact.rel
                                          [ trigger_63_interact ]
/home/deck/.cache/gbstudio-v4/_gbsbuild/obj/trigger_64_interact.rel
                                          [ trigger_64_interact ]
/home/deck/.cache/gbstudio-v4/_gbsbuild/obj/trigger_65_interact.rel
                                          [ trigger_65_interact ]
/home/deck/.cache/gbstudio-v4/_gbsbuild/obj/trigger_66_interact.rel
                                          [ trigger_66_interact ]
/home/deck/.cache/gbstudio-v4/_gbsbuild/obj/trigger_67_interact.rel
                                          [ trigger_67_interact ]
/home/deck/.cache/gbstudio-v4/_gbsbuild/obj/trigger_68_interact.rel
                                          [ trigger_68_interact ]
/home/deck/.cache/gbstudio-v4/_gbsbuild/obj/trigger_69_interact.rel
                                          [ trigger_69_interact ]
/home/deck/.cache/gbstudio-v4/_gbsbuild/obj/trigger_7_interact.rel
                                          [ trigger_7_interact ]
/home/deck/.cache/gbstudio-v4/_gbsbuild/obj/trigger_70_interact.rel
                                          [ trigger_70_interact ]
/home/deck/.cache/gbstudio-v4/_gbsbuild/obj/trigger_71_interact.rel
                                          [ trigger_71_interact ]
/home/deck/.cache/gbstudio-v4/_gbsbuild/obj/trigger_72_interact.rel
                                          [ trigger_72_interact ]
/home/deck/.cache/gbstudio-v4/_gbsbuild/obj/trigger_73_interact.rel
                                          [ trigger_73_interact ]
/home/deck/.cache/gbstudio-v4/_gbsbuild/obj/trigger_74_interact.rel
                                          [ trigger_74_interact ]
/home/deck/.cache/gbstudio-v4/_gbsbuild/obj/trigger_75_interact.rel
                                          [ trigger_75_interact ]
/home/deck/.cache/gbstudio-v4/_gbsbuild/obj/trigger_76_interact.rel
                                          [ trigger_76_interact ]
/home/deck/.cache/gbstudio-v4/_gbsbuild/obj/trigger_77_interact.rel
                                          [ trigger_77_interact ]
/home/deck/.cache/gbstudio-v4/_gbsbuild/obj/trigger_78_interact.rel
                                          [ trigger_78_interact ]
/home/deck/.cache/gbstudio-v4/_gbsbuild/obj/trigger_79_interact.rel
                                          [ trigger_79_interact ]
/home/deck/.cache/gbstudio-v4/_gbsbuild/obj/trigger_8_interact.rel
                                          [ trigger_8_interact ]
/home/deck/.cache/gbstudio-v4/_gbsbuild/obj/trigger_80_interact.rel
                                          [ trigger_80_interact ]
/home/deck/.cache/gbstudio-v4/_gbsbuild/obj/trigger_81_interact.rel
                                          [ trigger_81_interact ]
/home/deck/.cache/gbstudio-v4/_gbsbuild/obj/trigger_82_interact.rel
                                          [ trigger_82_interact ]
/home/deck/.cache/gbstudio-v4/_gbsbuild/obj/trigger_83_interact.rel
                                          [ trigger_83_interact ]
/home/deck/.cache/gbstudio-v4/_gbsbuild/obj/trigger_84_interact.rel
                                          [ trigger_84_interact ]
/home/deck/.cache/gbstudio-v4/_gbsbuild/obj/trigger_85_interact.rel
                                          [ trigger_85_interact ]
/home/deck/.cache/gbstudio-v4/_gbsbuild/obj/trigger_86_interact.rel
                                          [ trigger_86_interact ]
/home/deck/.cache/gbstudio-v4/_gbsbuild/obj/trigger_87_interact.rel
                                          [ trigger_87_interact ]
/home/deck/.cache/gbstudio-v4/_gbsbuild/obj/trigger_88_interact.rel
                                          [ trigger_88_interact ]
/home/deck/.cache/gbstudio-v4/_gbsbuild/obj/trigger_89_interact.rel
                                          [ trigger_89_interact ]
/home/deck/.cache/gbstudio-v4/_gbsbuild/obj/trigger_9_interact.rel
                                          [ trigger_9_interact ]
/home/deck/.cache/gbstudio-v4/_gbsbuild/obj/trigger_90_interact.rel
                                          [ trigger_90_interact ]
/home/deck/.cache/gbstudio-v4/_gbsbuild/obj/trigger_91_interact.rel
                                          [ trigger_91_interact ]
/home/deck/.cache/gbstudio-v4/_gbsbuild/obj/trigger_92_interact.rel
                                          [ trigger_92_interact ]
/home/deck/.cache/gbstudio-v4/_gbsbuild/obj/trigger_93_interact.rel
                                          [ trigger_93_interact ]
/home/deck/.cache/gbstudio-v4/_gbsbuild/obj/trigger_94_interact.rel
                                          [ trigger_94_interact ]
/home/deck/.cache/gbstudio-v4/_gbsbuild/obj/trigger_95_interact.rel
                                          [ trigger_95_interact ]
/home/deck/.cache/gbstudio-v4/_gbsbuild/obj/trigger_96_interact.rel
                                          [ trigger_96_interact ]
/home/deck/.cache/gbstudio-v4/_gbsbuild/obj/trigger_97_interact.rel
                                          [ trigger_97_interact ]
/home/deck/.cache/gbstudio-v4/_gbsbuild/obj/trigger_98_interact.rel
                                          [ trigger_98_interact ]
/home/deck/.cache/gbstudio-v4/_gbsbuild/obj/trigger_99_interact.rel
                                          [ trigger_99_interact ]
/home/deck/.cache/gbstudio-v4/_gbsbuild/obj/main.rel
                                          [ main ]
/home/deck/.cache/gbstudio-v4/_gbsbuild/obj/adventure.rel
                                          [ adventure ]
/home/deck/.cache/gbstudio-v4/_gbsbuild/obj/logo.rel
                                          [ logo ]
/home/deck/.cache/gbstudio-v4/_gbsbuild/obj/platform.rel
                                          [ platform ]
/home/deck/.cache/gbstudio-v4/_gbsbuild/obj/pointnclick.rel
                                          [ pointnclick ]
/home/deck/.cache/gbstudio-v4/_gbsbuild/obj/shmup.rel
                                          [ shmup ]
/home/deck/.cache/gbstudio-v4/_gbsbuild/obj/states_ptrs.rel
                                          [  ]
/home/deck/.cache/gbstudio-v4/_gbsbuild/obj/topdown.rel
                                          [ topdown ]


Libraries Linked                          [ object file ]

/home/deck/.cache/gbstudio-v4//_gbstools/gbdk/lib/gb/gb.lib
                                          [ fill_rect_wi.o ]
/home/deck/.cache/gbstudio-v4//_gbstools/gbdk/lib/sm83/sm83.lib
                                          [ rand.o ]
lib/hUGEDriver.lib                        [ hUGEDriver.o ]
/home/deck/.cache/gbstudio-v4//_gbstools/gbdk/lib/gb/gb.lib
                                          [ sfr.o ]
/home/deck/.cache/gbstudio-v4//_gbstools/gbdk/lib/gb/gb.lib
                                          [ get_data.o ]
/home/deck/.cache/gbstudio-v4//_gbstools/gbdk/lib/gb/gb.lib
                                          [ get_tile.o ]
/home/deck/.cache/gbstudio-v4//_gbstools/gbdk/lib/gb/gb.lib
                                          [ metasprites_hide_spr.o ]
/home/deck/.cache/gbstudio-v4//_gbstools/gbdk/lib/sm83/sm83.lib
                                          [ mul.o ]
/home/deck/.cache/gbstudio-v4//_gbstools/gbdk/lib/gb/gb.lib
                                          [ set_tile.o ]
/home/deck/.cache/gbstudio-v4//_gbstools/gbdk/lib/sm83/sm83.lib
                                          [ abs.o ]
/home/deck/.cache/gbstudio-v4//_gbstools/gbdk/lib/gb/gb.lib
                                          [ set_wi_t.o ]
/home/deck/.cache/gbstudio-v4//_gbstools/gbdk/lib/gb/gb.lib
                                          [ set_data.o ]
/home/deck/.cache/gbstudio-v4//_gbstools/gbdk/lib/sm83/sm83.lib
                                          [ reverse.o ]
/home/deck/.cache/gbstudio-v4//_gbstools/gbdk/lib/gb/gb.lib
                                          [ far_ptr.o ]
/home/deck/.cache/gbstudio-v4//_gbstools/gbdk/lib/gb/gb.lib
                                          [ sgb.o ]
/home/deck/.cache/gbstudio-v4//_gbstools/gbdk/lib/gb/gb.lib
                                          [ lcd.o ]
/home/deck/.cache/gbstudio-v4//_gbstools/gbdk/lib/gb/gb.lib
                                          [ fill_rect.o ]
/home/deck/.cache/gbstudio-v4//_gbstools/gbdk/lib/gb/gb.lib
                                          [ cpy_data.o ]
/home/deck/.cache/gbstudio-v4//_gbstools/gbdk/lib/gb/gb.lib
                                          [ fill_rect_bk.o ]
/home/deck/.cache/gbstudio-v4//_gbstools/gbdk/lib/gb/gb.lib
                                          [ pad.o ]
/home/deck/.cache/gbstudio-v4//_gbstools/gbdk/lib/gb/gb.lib
                                          [ metasprites.o ]
/home/deck/.cache/gbstudio-v4//_gbstools/gbdk/lib/sm83/sm83.lib
                                          [ __sdcc_call_hl.o ]
/home/deck/.cache/gbstudio-v4//_gbstools/gbdk/lib/sm83/sm83.lib
                                          [ memcpy.o ]
/home/deck/.cache/gbstudio-v4//_gbstools/gbdk/lib/sm83/sm83.lib
                                          [ _memset.o ]
/home/deck/.cache/gbstudio-v4//_gbstools/gbdk/lib/gb/gb.lib
                                          [ set_xy_t.o ]
/home/deck/.cache/gbstudio-v4//_gbstools/gbdk/lib/gb/gb.lib
                                          [ ___sdcc_bcall_ehl.o ]
/home/deck/.cache/gbstudio-v4//_gbstools/gbdk/lib/sm83/sm83.lib
                                          [ div.o ]
/home/deck/.cache/gbstudio-v4//_gbstools/gbdk/lib/gb/gb.lib
                                          [ set_bk_t.o ]

ASxxxx Linker V03.00/V05.40 + sdld,  page 100.

User Base Address Definitions

_DATA=0xC0A0
_CODE=0x0200
ASxxxx Linker V03.00/V05.40 + sdld,  page 101.

User Global Definitions

.STACK=0xDF00
_shadow_OAM=0xC000
.refresh_OAM=0xFF80
__start_save=12

