ASxxxx Linker V03.00/V05.40 + sdld,  page 1.
Hexadecimal  [32-Bits]

Area                                    Addr        Size        Decimal Bytes (Attributes)
--------------------------------        ----        ----        ------- ----- ------------
.  .ABS.                            00000000    00000000 =           0. bytes (ABS,CON)

      Value  Global                              Global Defined In Module
      -----  --------------------------------   ------------------------
     00000000  .__.ABS.                           
     00000000  _rRAMG                             
     00000000  l__BASE                         
     00000000  l__BSS                          
     00000000  l__CABS                         
     00000000  l__CODE_0                       
     00000000  l__CRASH_HEADER                 
     00000000  l__CRASH_SCRATCH                
     00000000  l__DABS                         
     00000000  l__HEADER                       
     00000000  l__HEADER_LCD                   
     00000000  l__HEADER_SIO                   
     00000000  l__HEADER_TIMER                 
     00000000  l__HEAP                         
     00000000  l__HEAP_END                     
     00000000  l__HRAM                         
     00000000  l__LIT                          
     00000000  s__CABS                         
     00000000  s__CRASH_HEADER                 
     00000000  s__CRASH_HEADER0                
     00000000  s__CRASH_HEADER1                
     00000000  s__CRASH_SCRATCH                
     00000000  s__CRASH_SCRATCH2               
     00000000  s__DABS                         
     00000000  s__HEADER                       
     00000000  s__HEADER0                      
     00000000  s__HEADER1                      
     00000000  s__HEADER10                     
     00000000  s__HEADER11                     
     00000000  s__HEADER2                      
     00000000  s__HEADER3                      
     00000000  s__HEADER4                      
     00000000  s__HEADER5                      
     00000000  s__HEADER6                      
     00000000  s__HEADER7                      
     00000000  s__HEADER8                      
     00000000  s__HEADER9                      
     00000000  s__HEADER_LCD                   
     00000000  s__HEADER_LCD0                  
     00000000  s__HEADER_SIO                   
     00000000  s__HEADER_SIO0                  
     00000000  s__HEADER_TIMER                 
     00000000  s__HEADER_TIMER0                
     00000000  s__HEADERa                      
     00000000  s__HEADERb                      
     00000000  s__HEADERc                      
     00000000  s__HEADERd                      
     00000000  s__HEADERe                      
     00000000  s__HEADERf                      
     00000000  s__HRAM                         
ASxxxx Linker V03.00/V05.40 + sdld,  page 2.
Hexadecimal  [32-Bits]

Area                                    Addr        Size        Decimal Bytes (Attributes)
--------------------------------        ----        ----        ------- ----- ------------
.  .ABS.                            00000000    00000000 =           0. bytes (ABS,CON)

      Value  Global                              Global Defined In Module
      -----  --------------------------------   ------------------------
     00000000  s__HRAM12                       
     00000001  ___bank_ACTOR                      actor
     00000001  ___bank_VM_SGB                     vm_sgb
     00000001  ___bank_bg_section_0_tileset       bg_section_0_tileset
     00000001  ___bank_scene_25_init              scene_25_init
     00000001  b_activate_actor                   actor
     00000001  b_activate_actors_in_col           actor
     00000001  b_activate_actors_in_row           actor
     00000001  b_actor_at_tile                    actor
     00000001  b_actor_get_frame_offset           actor
     00000001  b_actor_in_front_of_player         actor
     00000001  b_actor_overlapping_bb             actor
     00000001  b_actor_overlapping_player         actor
     00000001  b_actor_set_anim_idle              actor
     00000001  b_actor_set_anim_moving            actor
     00000001  b_actor_set_dir                    actor
     00000001  b_actor_set_frame_offset           actor
     00000001  b_actor_set_frames                 actor
     00000001  b_actors_handle_player_collision   actor
     00000001  b_actors_init                      actor
     00000001  b_check_collision_in_direction     actor
     00000001  b_deactivate_actor                 actor
     00000001  b_platform_init                    platform
     00000001  b_platform_update                  platform
     00000001  b_player_init                      actor
     00000001  b_ui_draw_frame                    ui
     00000001  b_ui_draw_text_buffer_char         ui
     00000001  b_ui_init                          ui
     00000001  b_ui_load_tiles                    ui
     00000001  b_ui_run_menu                      ui
     00000001  b_ui_run_modal                     ui
     00000001  b_ui_set_start_tile                ui
     00000001  l__GSFINAL                      
     00000001  l__HEADER0                      
     00000001  l__HEADER5                      
     00000001  l__HEADERa                      
     00000001  l__HEADERb                      
     00000001  l__HEADERc                      
     00000001  l__HEADERe                      
     00000001  l__HEADERf                      
     00000002  ___bank_VM_ACTOR                   vm_actor
     00000002  ___bank_VM_MAIN                    vm
     00000002  ___bank_bg_section_11_tileset      bg_section_11_tileset
     00000002  ___bank_bootstrap_script           
     00000002  ___bank_font_gbs_mono              font_gbs_mono
     00000002  b_do_load_palette                  data_manager
     00000002  b_load_background                  data_manager
     00000002  b_load_bkg_tileset                 data_manager
     00000002  b_load_bounds                      data_manager
     00000002  b_load_emote                       data_manager
     00000002  b_load_init                        data_manager
ASxxxx Linker V03.00/V05.40 + sdld,  page 3.
Hexadecimal  [32-Bits]

Area                                    Addr        Size        Decimal Bytes (Attributes)
--------------------------------        ----        ----        ------- ----- ------------
.  .ABS.                            00000000    00000000 =           0. bytes (ABS,CON)

      Value  Global                              Global Defined In Module
      -----  --------------------------------   ------------------------
     00000002  b_load_player                      data_manager
     00000002  b_load_scene                       data_manager
     00000002  b_load_sprite                      data_manager
     00000002  b_script_detach_hthread            vm
     00000002  b_script_execute                   vm
     00000002  b_script_runner_init               vm
     00000002  b_script_terminate                 vm
     00000002  b_vm_actor_activate                vm_actor
     00000002  b_vm_actor_begin_update            vm_actor
     00000002  b_vm_actor_deactivate              vm_actor
     00000002  b_vm_actor_emote                   vm_actor
     00000002  b_vm_actor_get_angle               vm_actor
     00000002  b_vm_actor_get_anim_frame          vm_actor
     00000002  b_vm_actor_get_dir                 vm_actor
     00000002  b_vm_actor_get_pos                 vm_actor
     00000002  b_vm_actor_move_cancel             vm_actor
     00000002  b_vm_actor_move_to                 vm_actor
     00000002  b_vm_actor_replace_tile            vm_actor
     00000002  b_vm_actor_set_anim                vm_actor
     00000002  b_vm_actor_set_anim_frame          vm_actor
     00000002  b_vm_actor_set_anim_set            vm_actor
     00000002  b_vm_actor_set_anim_tick           vm_actor
     00000002  b_vm_actor_set_bounds              vm_actor
     00000002  b_vm_actor_set_dir                 vm_actor
     00000002  b_vm_actor_set_flags               vm_actor
     00000002  b_vm_actor_set_move_speed          vm_actor
     00000002  b_vm_actor_set_pos                 vm_actor
     00000002  b_vm_actor_set_spritesheet         vm_actor
     00000002  b_vm_actor_set_spritesheet_by_re   vm_actor
     00000002  b_vm_actor_terminate_update        vm_actor
     00000002  b_vm_call                          vm
     00000002  b_vm_call_far                      vm
     00000002  b_vm_get_indirect                  vm
     00000002  b_vm_get_tlocal                    vm
     00000002  b_vm_idle                          vm
     00000002  b_vm_if                            vm
     00000002  b_vm_if_const                      vm
     00000002  b_vm_init_rng                      vm
     00000002  b_vm_invoke                        vm
     00000002  b_vm_join                          vm
     00000002  b_vm_jump                          vm
     00000002  b_vm_lock                          vm
     00000002  b_vm_loop                          vm
     00000002  b_vm_memcpy                        vm
     00000002  b_vm_memset                        vm
     00000002  b_vm_poll_loaded                   vm
     00000002  b_vm_pop                           vm
     00000002  b_vm_push                          vm
     00000002  b_vm_push_reference                vm
     00000002  b_vm_push_value                    vm
     00000002  b_vm_push_value_ind                vm
ASxxxx Linker V03.00/V05.40 + sdld,  page 4.
Hexadecimal  [32-Bits]

Area                                    Addr        Size        Decimal Bytes (Attributes)
--------------------------------        ----        ----        ------- ----- ------------
.  .ABS.                            00000000    00000000 =           0. bytes (ABS,CON)

      Value  Global                              Global Defined In Module
      -----  --------------------------------   ------------------------
     00000002  b_vm_raise                         vm
     00000002  b_vm_rand                          vm
     00000002  b_vm_reserve                       vm
     00000002  b_vm_ret                           vm
     00000002  b_vm_ret_far                       vm
     00000002  b_vm_set                           vm
     00000002  b_vm_set_const                     vm
     00000002  b_vm_set_indirect                  vm
     00000002  b_vm_terminate                     vm
     00000002  b_vm_test_terminate                vm
     00000002  b_vm_unlock                        vm
     00000002  b_wait_frames                      vm
     00000002  l__HEADER10                     
     00000002  l__HEADER6                      
     00000002  l__HEADERd                      
     00000003  ___bank_VM_GAMEBOY                 vm_gameboy
     00000003  ___bank_VM_UI                      vm_ui
     00000003  ___bank_bg_section_09_tileset      bg_section_09_tileset
     00000003  ___bank_bg_section_0_tilemap       bg_section_0_tilemap
     00000003  ___bank_bg_section_42_tileset      bg_section_42_tileset
     00000003  ___bank_bg_section_49_tileset      bg_section_49_tileset
     00000003  ___bank_bg_section_61_tileset      bg_section_61_tileset
     00000003  ___bank_palette_0                  palette_0
     00000003  ___bank_scene_25_sprites           scene_25_sprites
     00000003  b_adventure_init                   adventure
     00000003  b_adventure_update                 adventure
     00000003  b_scroll_init                      scroll
     00000003  b_scroll_repaint                   scroll
     00000003  b_scroll_reset                     scroll
     00000003  b_scroll_update                    scroll
     00000003  b_shmup_init                       shmup
     00000003  b_shmup_update                     shmup
     00000003  b_topdown_init                     topdown
     00000003  b_topdown_update                   topdown
     00000003  b_vm_choice                        vm_ui
     00000003  b_vm_context_prepare               vm_gameboy
     00000003  b_vm_display_text                  vm_ui
     00000003  b_vm_fade                          vm_gameboy
     00000003  b_vm_get_tile_xy                   vm_gameboy
     00000003  b_vm_input_attach                  vm_gameboy
     00000003  b_vm_input_detach                  vm_gameboy
     00000003  b_vm_input_get                     vm_gameboy
     00000003  b_vm_input_wait                    vm_gameboy
     00000003  b_vm_load_tileset                  vm_gameboy
     00000003  b_vm_overlay_clear                 vm_ui
     00000003  b_vm_overlay_move_to               vm_ui
     00000003  b_vm_overlay_scroll                vm_ui
     00000003  b_vm_overlay_set_map               vm_ui
     00000003  b_vm_overlay_set_scroll            vm_ui
     00000003  b_vm_overlay_set_submap            vm_ui
     00000003  b_vm_overlay_set_submap_ex         vm_ui
ASxxxx Linker V03.00/V05.40 + sdld,  page 5.
Hexadecimal  [32-Bits]

Area                                    Addr        Size        Decimal Bytes (Attributes)
--------------------------------        ----        ----        ------- ----- ------------
.  .ABS.                            00000000    00000000 =           0. bytes (ABS,CON)

      Value  Global                              Global Defined In Module
      -----  --------------------------------   ------------------------
     00000003  b_vm_overlay_setpos                vm_ui
     00000003  b_vm_overlay_show                  vm_ui
     00000003  b_vm_overlay_wait                  vm_ui
     00000003  b_vm_poll                          vm_gameboy
     00000003  b_vm_replace_tile                  vm_gameboy
     00000003  b_vm_replace_tile_xy               vm_gameboy
     00000003  b_vm_rumble                        vm_gameboy
     00000003  b_vm_set_font                      vm_ui
     00000003  b_vm_set_sprite_mode               vm_gameboy
     00000003  b_vm_set_sprites_visible           vm_gameboy
     00000003  b_vm_set_text_sound                vm_ui
     00000003  b_vm_switch_text_layer             vm_ui
     00000003  b_vm_timer_prepare                 vm_gameboy
     00000003  b_vm_timer_reset                   vm_gameboy
     00000003  b_vm_timer_set                     vm_gameboy
     00000003  b_vm_timer_stop                    vm_gameboy
     00000003  l__HEADER9                      
     00000003  l__HEADER_LCD0                  
     00000003  l__HRAM12                       
     00000004  ___bank_bg_section_05_tileset      bg_section_05_tileset
     00000004  ___bank_bg_section_16_tileset      bg_section_16_tileset
     00000004  ___bank_bg_section_17_tileset      bg_section_17_tileset
     00000004  ___bank_bg_section_19_tileset      bg_section_19_tileset
     00000004  ___bank_bg_section_1_tileset       bg_section_1_tileset
     00000004  ___bank_bg_section_20_tileset      bg_section_20_tileset
     00000004  ___bank_bg_section_2_tileset       bg_section_2_tileset
     00000004  ___bank_bg_section_33_tileset      bg_section_33_tileset
     00000004  ___bank_bg_section_37_tileset      bg_section_37_tileset
     00000004  ___bank_bg_section_38_tileset      bg_section_38_tileset
     00000004  ___bank_bg_section_3_tileset       bg_section_3_tileset
     00000004  ___bank_bg_section_41_tileset      bg_section_41_tileset
     00000004  ___bank_bg_section_9_tileset       bg_section_9_tileset
     00000004  b_projectile_launch                projectiles
     00000004  b_projectiles_init                 projectiles
     00000004  l__CRASH_HEADER1                
     00000004  l__HEADER_SIO0                  
     00000004  l__HEADER_TIMER0                
     00000005  ___bank_VM_CAMERA                  vm_camera
     00000005  ___bank_VM_SIO                     vm_sio
     00000005  ___bank_bg_section_07_tileset      bg_section_07_tileset
     00000005  ___bank_bg_section_21_tileset      bg_section_21_tileset
     00000005  ___bank_bg_section_22_tileset      bg_section_22_tileset
     00000005  ___bank_bg_section_28_tileset      bg_section_28_tileset
     00000005  ___bank_bg_section_30_tileset      bg_section_30_tileset
     00000005  ___bank_bg_section_39_tileset      bg_section_39_tileset
     00000005  ___bank_bg_section_40_tileset      bg_section_40_tileset
     00000005  ___bank_bg_section_47_tileset      bg_section_47_tileset
     00000005  ___bank_bg_section_57_tileset      bg_section_57_tileset
     00000005  ___bank_bg_section_58_tileset      bg_section_58_tileset
     00000005  b___HandleCrash_banked             
     00000005  b_atan2                            math_atan2
ASxxxx Linker V03.00/V05.40 + sdld,  page 6.
Hexadecimal  [32-Bits]

Area                                    Addr        Size        Decimal Bytes (Attributes)
--------------------------------        ----        ----        ------- ----- ------------
.  .ABS.                            00000000    00000000 =           0. bytes (ABS,CON)

      Value  Global                              Global Defined In Module
      -----  --------------------------------   ------------------------
     00000005  b_camera_shake_frames              vm_camera
     00000005  b_core_reset                       core
     00000005  b_core_run                         core
     00000005  b_data_clear                       load_save
     00000005  b_data_init                        load_save
     00000005  b_data_load                        load_save
     00000005  b_data_peek                        load_save
     00000005  b_data_save                        load_save
     00000005  b_gbprinter_detect                 gbprinter
     00000005  b_gbprinter_print_overlay          gbprinter
     00000005  b_parallax_init                    parallax
     00000005  b_pointnclick_init                 pointnclick
     00000005  b_pointnclick_update               pointnclick
     00000005  b_trigger_activate_at              trigger
     00000005  b_trigger_activate_at_intersecti   trigger
     00000005  b_trigger_at_intersection          trigger
     00000005  b_trigger_at_tile                  trigger
     00000005  b_trigger_interact                 trigger
     00000005  b_trigger_reset                    trigger
     00000005  b_vm_camera_move_to                vm_camera
     00000005  b_vm_camera_set_pos                vm_camera
     00000005  b_vm_sio_exchange                  vm_sio
     00000005  b_vm_sio_set_mode                  vm_sio
     00000005  l__CRASH_HEADER0                
     00000005  l__HEADER1                      
     00000006  ___bank_VM_RTC                     vm_rtc
     00000006  ___bank_bg_blank_0_tileset         bg_blank_0_tileset
     00000006  ___bank_bg_section_05_tilemap      bg_section_05_tilemap
     00000006  ___bank_bg_section_07_tilemap      bg_section_07_tilemap
     00000006  ___bank_bg_section_08_tilemap      bg_section_08_tilemap
     00000006  ___bank_bg_section_09_tilemap      bg_section_09_tilemap
     00000006  ___bank_bg_section_11_tilemap      bg_section_11_tilemap
     00000006  ___bank_bg_section_14_tilemap      bg_section_14_tilemap
     00000006  ___bank_bg_section_15_tilemap      bg_section_15_tilemap
     00000006  ___bank_bg_section_16_tilemap      bg_section_16_tilemap
     00000006  ___bank_bg_section_17_tilemap      bg_section_17_tilemap
     00000006  ___bank_bg_section_18_tilemap      bg_section_18_tilemap
     00000006  ___bank_bg_section_19_tilemap      bg_section_19_tilemap
     00000006  ___bank_bg_section_1_tilemap       bg_section_1_tilemap
     00000006  ___bank_bg_section_20_tilemap      bg_section_20_tilemap
     00000006  ___bank_bg_section_21_tilemap      bg_section_21_tilemap
     00000006  ___bank_bg_section_22_tilemap      bg_section_22_tilemap
     00000006  ___bank_bg_section_27_tilemap      bg_section_27_tilemap
     00000006  ___bank_bg_section_28_tilemap      bg_section_28_tilemap
     00000006  ___bank_bg_section_2_tilemap       bg_section_2_tilemap
     00000006  ___bank_bg_section_30_tilemap      bg_section_30_tilemap
     00000006  ___bank_bg_section_31_tilemap      bg_section_31_tilemap
     00000006  ___bank_bg_section_31_tileset      bg_section_31_tileset
     00000006  ___bank_bg_section_32_tilemap      bg_section_32_tilemap
     00000006  ___bank_bg_section_33_tilemap      bg_section_33_tilemap
     00000006  ___bank_bg_section_37_tilemap      bg_section_37_tilemap
ASxxxx Linker V03.00/V05.40 + sdld,  page 7.
Hexadecimal  [32-Bits]

Area                                    Addr        Size        Decimal Bytes (Attributes)
--------------------------------        ----        ----        ------- ----- ------------
.  .ABS.                            00000000    00000000 =           0. bytes (ABS,CON)

      Value  Global                              Global Defined In Module
      -----  --------------------------------   ------------------------
     00000006  ___bank_bg_section_38_tilemap      bg_section_38_tilemap
     00000006  ___bank_bg_section_39_tilemap      bg_section_39_tilemap
     00000006  ___bank_bg_section_3_tilemap       bg_section_3_tilemap
     00000006  ___bank_bg_section_40_tilemap      bg_section_40_tilemap
     00000006  ___bank_bg_section_41_tilemap      bg_section_41_tilemap
     00000006  ___bank_bg_section_42_tilemap      bg_section_42_tilemap
     00000006  ___bank_bg_section_47_tilemap      bg_section_47_tilemap
     00000006  ___bank_bg_section_49_tilemap      bg_section_49_tilemap
     00000006  ___bank_bg_section_57_tilemap      bg_section_57_tilemap
     00000006  ___bank_bg_section_58_tilemap      bg_section_58_tilemap
     00000006  ___bank_bg_section_61_tilemap      bg_section_61_tilemap
     00000006  b_set_sgb_border                   sgb_border
     00000006  b_vm_rtc_get                       vm_rtc
     00000006  b_vm_rtc_latch                     vm_rtc
     00000006  b_vm_rtc_set                       vm_rtc
     00000006  b_vm_rtc_start                     vm_rtc
     00000006  l__HEADER8                      
     00000007  ___bank_bg_section_9_tilemap       bg_section_9_tilemap
     00000007  ___bank_scene_10_collisions        scene_10_collisions
     00000007  ___bank_scene_11_collisions        scene_11_collisions
     00000007  ___bank_scene_12_collisions        scene_12_collisions
     00000007  ___bank_scene_13_collisions        scene_13_collisions
     00000007  ___bank_scene_14_collisions        scene_14_collisions
     00000007  ___bank_scene_15_collisions        scene_15_collisions
     00000007  ___bank_scene_16_collisions        scene_16_collisions
     00000007  ___bank_scene_17_collisions        scene_17_collisions
     00000007  ___bank_scene_18_collisions        scene_18_collisions
     00000007  ___bank_scene_19_collisions        scene_19_collisions
     00000007  ___bank_scene_1_collisions         scene_1_collisions
     00000007  ___bank_scene_20_collisions        scene_20_collisions
     00000007  ___bank_scene_21_collisions        scene_21_collisions
     00000007  ___bank_scene_22_collisions        scene_22_collisions
     00000007  ___bank_scene_23_collisions        scene_23_collisions
     00000007  ___bank_scene_24_collisions        scene_24_collisions
     00000007  ___bank_scene_25_collisions        scene_25_collisions
     00000007  ___bank_scene_26_collisions        scene_26_collisions
     00000007  ___bank_scene_27_collisions        scene_27_collisions
     00000007  ___bank_scene_28_collisions        scene_28_collisions
     00000007  ___bank_scene_29_collisions        scene_29_collisions
     00000007  ___bank_scene_2_collisions         scene_2_collisions
     00000007  ___bank_scene_30_collisions        scene_30_collisions
     00000007  ___bank_scene_31_collisions        scene_31_collisions
     00000007  ___bank_scene_32_actors            scene_32_actors
     00000007  ___bank_scene_32_collisions        scene_32_collisions
     00000007  ___bank_scene_33_collisions        scene_33_collisions
     00000007  ___bank_scene_34_collisions        scene_34_collisions
     00000007  ___bank_scene_35_collisions        scene_35_collisions
     00000007  ___bank_scene_36_collisions        scene_36_collisions
     00000007  ___bank_scene_3_collisions         scene_3_collisions
     00000007  ___bank_scene_4_collisions         scene_4_collisions
     00000007  ___bank_scene_5_collisions         scene_5_collisions
ASxxxx Linker V03.00/V05.40 + sdld,  page 8.
Hexadecimal  [32-Bits]

Area                                    Addr        Size        Decimal Bytes (Attributes)
--------------------------------        ----        ----        ------- ----- ------------
.  .ABS.                            00000000    00000000 =           0. bytes (ABS,CON)

      Value  Global                              Global Defined In Module
      -----  --------------------------------   ------------------------
     00000007  ___bank_scene_6_collisions         scene_6_collisions
     00000007  ___bank_scene_7_collisions         scene_7_collisions
     00000007  ___bank_scene_8_collisions         scene_8_collisions
     00000007  ___bank_scene_9_collisions         scene_9_collisions
     00000007  l__HEADER2                      
     00000008  ___bank_VM_GBPRINTER               vm_gbprinter
     00000008  ___bank_VM_LOAD_SAVE               vm_load_save
     00000008  ___bank_VM_MATH                    vm_math
     00000008  ___bank_VM_MUSIC                   vm_music
     00000008  ___bank_VM_PALETTE                 vm_palette
     00000008  ___bank_VM_PROJECTILE              vm_projectiles
     00000008  ___bank_VM_SCENE                   vm_scene
     00000008  ___bank_actor_0_interact           actor_0_interact
     00000008  ___bank_actor_10_interact          actor_10_interact
     00000008  ___bank_actor_11_interact          actor_11_interact
     00000008  ___bank_actor_1_interact           actor_1_interact
     00000008  ___bank_actor_2_interact           actor_2_interact
     00000008  ___bank_actor_3_interact           actor_3_interact
     00000008  ___bank_actor_4_interact           actor_4_interact
     00000008  ___bank_actor_5_interact           actor_5_interact
     00000008  ___bank_actor_6_interact           actor_6_interact
     00000008  ___bank_actor_7_interact           actor_7_interact
     00000008  ___bank_actor_8_interact           actor_8_interact
     00000008  ___bank_actor_9_interact           actor_9_interact
     00000008  ___bank_bg_blank_0                 bg_blank_0
     00000008  ___bank_bg_blank_0_tilemap         bg_blank_0_tilemap
     00000008  ___bank_bg_section_0               bg_section_0
     00000008  ___bank_bg_section_05              bg_section_05
     00000008  ___bank_bg_section_07              bg_section_07
     00000008  ___bank_bg_section_08              bg_section_08
     00000008  ___bank_bg_section_08_tileset      bg_section_08_tileset
     00000008  ___bank_bg_section_09              bg_section_09
     00000008  ___bank_bg_section_1               bg_section_1
     00000008  ___bank_bg_section_11              bg_section_11
     00000008  ___bank_bg_section_14              bg_section_14
     00000008  ___bank_bg_section_14_tileset      bg_section_14_tileset
     00000008  ___bank_bg_section_15              bg_section_15
     00000008  ___bank_bg_section_15_tileset      bg_section_15_tileset
     00000008  ___bank_bg_section_16              bg_section_16
     00000008  ___bank_bg_section_17              bg_section_17
     00000008  ___bank_bg_section_18              bg_section_18
     00000008  ___bank_bg_section_18_tileset      bg_section_18_tileset
     00000008  ___bank_bg_section_19              bg_section_19
     00000008  ___bank_bg_section_2               bg_section_2
     00000008  ___bank_bg_section_20              bg_section_20
     00000008  ___bank_bg_section_21              bg_section_21
     00000008  ___bank_bg_section_22              bg_section_22
     00000008  ___bank_bg_section_27              bg_section_27
     00000008  ___bank_bg_section_27_tileset      bg_section_27_tileset
     00000008  ___bank_bg_section_28              bg_section_28
     00000008  ___bank_bg_section_3               bg_section_3
ASxxxx Linker V03.00/V05.40 + sdld,  page 9.
Hexadecimal  [32-Bits]

Area                                    Addr        Size        Decimal Bytes (Attributes)
--------------------------------        ----        ----        ------- ----- ------------
.  .ABS.                            00000000    00000000 =           0. bytes (ABS,CON)

      Value  Global                              Global Defined In Module
      -----  --------------------------------   ------------------------
     00000008  ___bank_bg_section_30              bg_section_30
     00000008  ___bank_bg_section_31              bg_section_31
     00000008  ___bank_bg_section_32              bg_section_32
     00000008  ___bank_bg_section_32_tileset      bg_section_32_tileset
     00000008  ___bank_bg_section_33              bg_section_33
     00000008  ___bank_bg_section_37              bg_section_37
     00000008  ___bank_bg_section_38              bg_section_38
     00000008  ___bank_bg_section_39              bg_section_39
     00000008  ___bank_bg_section_40              bg_section_40
     00000008  ___bank_bg_section_41              bg_section_41
     00000008  ___bank_bg_section_42              bg_section_42
     00000008  ___bank_bg_section_47              bg_section_47
     00000008  ___bank_bg_section_49              bg_section_49
     00000008  ___bank_bg_section_57              bg_section_57
     00000008  ___bank_bg_section_58              bg_section_58
     00000008  ___bank_bg_section_61              bg_section_61
     00000008  ___bank_bg_section_9               bg_section_9
     00000008  ___bank_cursor_image               cursor_image
     00000008  ___bank_emote_shock                emote_shock
     00000008  ___bank_frame_image                frame_image
     00000008  ___bank_palette_1                  palette_1
     00000008  ___bank_scene_1                    scene_1
     00000008  ___bank_scene_10                   scene_10
     00000008  ___bank_scene_10_init              scene_10_init
     00000008  ___bank_scene_11                   scene_11
     00000008  ___bank_scene_11_init              scene_11_init
     00000008  ___bank_scene_12                   scene_12
     00000008  ___bank_scene_12_init              scene_12_init
     00000008  ___bank_scene_13                   scene_13
     00000008  ___bank_scene_13_init              scene_13_init
     00000008  ___bank_scene_14                   scene_14
     00000008  ___bank_scene_14_init              scene_14_init
     00000008  ___bank_scene_15                   scene_15
     00000008  ___bank_scene_15_init              scene_15_init
     00000008  ___bank_scene_16                   scene_16
     00000008  ___bank_scene_16_init              scene_16_init
     00000008  ___bank_scene_17                   scene_17
     00000008  ___bank_scene_17_init              scene_17_init
     00000008  ___bank_scene_18                   scene_18
     00000008  ___bank_scene_18_init              scene_18_init
     00000008  ___bank_scene_19                   scene_19
     00000008  ___bank_scene_19_init              scene_19_init
     00000008  ___bank_scene_1_init               scene_1_init
     00000008  ___bank_scene_1_triggers           scene_1_triggers
     00000008  ___bank_scene_2                    scene_2
     00000008  ___bank_scene_20                   scene_20
     00000008  ___bank_scene_20_init              scene_20_init
     00000008  ___bank_scene_21                   scene_21
     00000008  ___bank_scene_21_init              scene_21_init
     00000008  ___bank_scene_22                   scene_22
     00000008  ___bank_scene_22_init              scene_22_init
ASxxxx Linker V03.00/V05.40 + sdld,  page 10.
Hexadecimal  [32-Bits]

Area                                    Addr        Size        Decimal Bytes (Attributes)
--------------------------------        ----        ----        ------- ----- ------------
.  .ABS.                            00000000    00000000 =           0. bytes (ABS,CON)

      Value  Global                              Global Defined In Module
      -----  --------------------------------   ------------------------
     00000008  ___bank_scene_23                   scene_23
     00000008  ___bank_scene_23_init              scene_23_init
     00000008  ___bank_scene_24                   scene_24
     00000008  ___bank_scene_24_init              scene_24_init
     00000008  ___bank_scene_25                   scene_25
     00000008  ___bank_scene_25_actors            scene_25_actors
     00000008  ___bank_scene_25_triggers          scene_25_triggers
     00000008  ___bank_scene_26                   scene_26
     00000008  ___bank_scene_26_init              scene_26_init
     00000008  ___bank_scene_27                   scene_27
     00000008  ___bank_scene_27_init              scene_27_init
     00000008  ___bank_scene_28                   scene_28
     00000008  ___bank_scene_28_init              scene_28_init
     00000008  ___bank_scene_29                   scene_29
     00000008  ___bank_scene_29_init              scene_29_init
     00000008  ___bank_scene_2_init               scene_2_init
     00000008  ___bank_scene_2_triggers           scene_2_triggers
     00000008  ___bank_scene_3                    scene_3
     00000008  ___bank_scene_30                   scene_30
     00000008  ___bank_scene_30_init              scene_30_init
     00000008  ___bank_scene_31                   scene_31
     00000008  ___bank_scene_31_actors            scene_31_actors
     00000008  ___bank_scene_31_init              scene_31_init
     00000008  ___bank_scene_31_sprites           scene_31_sprites
     00000008  ___bank_scene_31_triggers          scene_31_triggers
     00000008  ___bank_scene_32                   scene_32
     00000008  ___bank_scene_32_init              scene_32_init
     00000008  ___bank_scene_32_sprites           scene_32_sprites
     00000008  ___bank_scene_32_triggers          scene_32_triggers
     00000008  ___bank_scene_33                   scene_33
     00000008  ___bank_scene_33_init              scene_33_init
     00000008  ___bank_scene_33_triggers          scene_33_triggers
     00000008  ___bank_scene_34                   scene_34
     00000008  ___bank_scene_34_init              scene_34_init
     00000008  ___bank_scene_35                   scene_35
     00000008  ___bank_scene_35_init              scene_35_init
     00000008  ___bank_scene_36                   scene_36
     00000008  ___bank_scene_36_init              scene_36_init
     00000008  ___bank_scene_37                   scene_37
     00000008  ___bank_scene_37_collisions        scene_37_collisions
     00000008  ___bank_scene_37_init              scene_37_init
     00000008  ___bank_scene_3_init               scene_3_init
     00000008  ___bank_scene_4                    scene_4
     00000008  ___bank_scene_4_init               scene_4_init
     00000008  ___bank_scene_5                    scene_5
     00000008  ___bank_scene_5_init               scene_5_init
     00000008  ___bank_scene_6                    scene_6
     00000008  ___bank_scene_6_init               scene_6_init
     00000008  ___bank_scene_7                    scene_7
     00000008  ___bank_scene_7_init               scene_7_init
     00000008  ___bank_scene_8                    scene_8
ASxxxx Linker V03.00/V05.40 + sdld,  page 11.
Hexadecimal  [32-Bits]

Area                                    Addr        Size        Decimal Bytes (Attributes)
--------------------------------        ----        ----        ------- ----- ------------
.  .ABS.                            00000000    00000000 =           0. bytes (ABS,CON)

      Value  Global                              Global Defined In Module
      -----  --------------------------------   ------------------------
     00000008  ___bank_scene_8_init               scene_8_init
     00000008  ___bank_scene_9                    scene_9
     00000008  ___bank_scene_9_init               scene_9_init
     00000008  ___bank_script_1                   script_1
     00000008  ___bank_script_2                   script_2
     00000008  ___bank_script_engine_init         
     00000008  ___bank_sprite_actor_animated      sprite_actor_animated
     00000008  ___bank_sprite_actor_animated_ti   sprite_actor_animated_tilese
     00000008  ___bank_sprite_enemy0              sprite_enemy0
     00000008  ___bank_sprite_enemy0_tileset      sprite_enemy0_tileset
     00000008  ___bank_sprite_tile_0048           sprite_tile_0048
     00000008  ___bank_sprite_tile_0048_tileset   sprite_tile_0048_tileset
     00000008  ___bank_sprite_tile_0121           sprite_tile_0121
     00000008  ___bank_sprite_tile_0121_tileset   sprite_tile_0121_tileset
     00000008  ___bank_sprite_tile_0127           sprite_tile_0127
     00000008  ___bank_sprite_tile_0127_tileset   sprite_tile_0127_tileset
     00000008  ___bank_sprite_tile_0135           sprite_tile_0135
     00000008  ___bank_sprite_tile_0135_tileset   sprite_tile_0135_tileset
     00000008  ___bank_spritesheet_none           spritesheet_none
     00000008  ___bank_trigger_0_interact         trigger_0_interact
     00000008  ___bank_trigger_1_interact         trigger_1_interact
     00000008  ___bank_trigger_2_interact         trigger_2_interact
     00000008  ___bank_trigger_3_interact         trigger_3_interact
     00000008  ___bank_trigger_4_interact         trigger_4_interact
     00000008  ___bank_trigger_5_interact         trigger_5_interact
     00000008  ___bank_trigger_6_interact         trigger_6_interact
     00000008  ___bank_trigger_7_interact         trigger_7_interact
     00000008  b_SIO_init                         sio
     00000008  b_camera_init                      camera
     00000008  b_erase_flash                      
     00000008  b_events_init                      events
     00000008  b_fade_applypalettechange          fade_manager
     00000008  b_fade_in                          fade_manager
     00000008  b_fade_in_modal                    fade_manager
     00000008  b_fade_init                        fade_manager
     00000008  b_fade_out                         fade_manager
     00000008  b_fade_out_modal                   fade_manager
     00000008  b_fade_setspeed                    fade_manager
     00000008  b_fade_update                      fade_manager
     00000008  b_input_init                       input
     00000008  b_itoa_fmt                         vm_ui_a
     00000008  b_logo_init                        logo
     00000008  b_logo_update                      logo
     00000008  b_music_events_poll                music_manager
     00000008  b_music_init_driver                music_manager
     00000008  b_music_init_events                music_manager
     00000008  b_palette_init                     palette
     00000008  b_remove_LCD_ISRs                  interrupts
     00000008  b_restore_sram                     flasher
     00000008  b_restore_sram_bank                flasher
     00000008  b_save_sram                        flasher
ASxxxx Linker V03.00/V05.40 + sdld,  page 12.
Hexadecimal  [32-Bits]

Area                                    Addr        Size        Decimal Bytes (Attributes)
--------------------------------        ----        ----        ------- ----- ------------
.  .ABS.                            00000000    00000000 =           0. bytes (ABS,CON)

      Value  Global                              Global Defined In Module
      -----  --------------------------------   ------------------------
     00000008  b_save_sram_banks                  
     00000008  b_scroll_rect                      
     00000008  b_timers_init                      events
     00000008  b_vm_cos_scale                     vm_math
     00000008  b_vm_load_palette                  vm_palette
     00000008  b_vm_music_mute                    vm_music
     00000008  b_vm_music_play                    vm_music
     00000008  b_vm_music_routine                 vm_music
     00000008  b_vm_music_setpos                  vm_music
     00000008  b_vm_music_stop                    vm_music
     00000008  b_vm_print_detect                  vm_gbprinter
     00000008  b_vm_print_overlay                 vm_gbprinter
     00000008  b_vm_projectile_launch             vm_projectiles
     00000008  b_vm_projectile_load_type          vm_projectiles
     00000008  b_vm_save_clear                    vm_load_save
     00000008  b_vm_save_peek                     vm_load_save
     00000008  b_vm_scene_pop                     vm_scene
     00000008  b_vm_scene_pop_all                 vm_scene
     00000008  b_vm_scene_push                    vm_scene
     00000008  b_vm_scene_stack_reset             vm_scene
     00000008  b_vm_sfx_play                      vm_music
     00000008  b_vm_sin_scale                     vm_math
     00000008  b_vm_sound_mastervol               vm_music
     00000008  l__HEADER3                      
     0000000C  __start_save                    
     0000001A  l__INITIALIZED                  
     0000001A  l__INITIALIZER                  
     00000027  l__GSINIT                       
     00000030  l__HEADER7                      
     00000060  l__HEADER4                      
     000000AB  l__HEADER11                     
     000001CB  l__CRASH_SCRATCH2               
     00000200  s__CODE                         
     00000E64  l__CODE                         
     00001064  s__HOME                         
     00001994  l__DATA                         
     00002000  _rROMB0                            
     00002C6D  l__HOME                         
     00003000  _rROMB1                            
     0000332F  l__CODE_8                       
     00003CD1  s__BASE                         
     00003CD1  s__CODE_0                       
     00003CD1  s__INITIALIZER                  
     00003CD1  s__LIT                          
     00003CEB  s__GSINIT                       
     00003D12  s__GSFINAL                      
     00003FFE  l__CODE_6                       
     00003FFF  l__CODE_3                       
     00003FFF  l__CODE_5                       
     00004000  _RTC_SELECT_REG                    vm_rtc
     00004000  _rRAMB                             
ASxxxx Linker V03.00/V05.40 + sdld,  page 13.
Hexadecimal  [32-Bits]

Area                                    Addr        Size        Decimal Bytes (Attributes)
--------------------------------        ----        ----        ------- ----- ------------
.  .ABS.                            00000000    00000000 =           0. bytes (ABS,CON)

      Value  Global                              Global Defined In Module
      -----  --------------------------------   ------------------------
     00004000  l__CODE_1                       
     00004000  l__CODE_2                       
     00004000  l__CODE_4                       
     00004000  l__CODE_7                       
     00006000  _RTC_LATCH_REG                     vm_rtc
     00008000  __VRAM                             
     00008000  __VRAM8000                         
     00008800  __VRAM8800                         
     00009000  __VRAM9000                         
     00009800  __SCRN0                            
     00009C00  __SCRN1                            
     0000A000  _RTC_VALUE_REG                     vm_rtc
     0000A000  __SRAM                             
     0000C000  __RAM                              
     0000C000  _shadow_OAM                     
     0000C0A0  s__DATA                         
     0000D000  __RAMBANK                          
     0000DA34  s__BSS                          
     0000DA34  s__INITIALIZED                  
     0000DA4E  s__HEAP                         
     0000DA4E  s__HEAP_END                     
     0000DF00  .STACK                          
     0000DF00  _shadow_OAM2                       absolute
     0000DFA0  _BkgPalette                        absolute
     0000DFE0  _vwf_tile_data                     absolute
     0000FE00  __OAMRAM                           
     0000FF00  _P1_REG                            
     0000FF00  __IO                               
     0000FF01  _SB_REG                            
     0000FF02  _SC_REG                            
     0000FF04  _DIV_REG                           
     0000FF05  _TIMA_REG                          
     0000FF06  _TMA_REG                           
     0000FF07  _TAC_REG                           
     0000FF0F  _IF_REG                            
     0000FF10  _NR10_REG                          
     0000FF11  _NR11_REG                          
     0000FF12  _NR12_REG                          
     0000FF13  _NR13_REG                          
     0000FF14  _NR14_REG                          
     0000FF16  _NR21_REG                          
     0000FF17  _NR22_REG                          
     0000FF18  _NR23_REG                          
     0000FF19  _NR24_REG                          
     0000FF1A  _NR30_REG                          
     0000FF1B  _NR31_REG                          
     0000FF1C  _NR32_REG                          
     0000FF1D  _NR33_REG                          
     0000FF1E  _NR34_REG                          
     0000FF20  _NR41_REG                          
     0000FF21  _NR42_REG                          
ASxxxx Linker V03.00/V05.40 + sdld,  page 14.
Hexadecimal  [32-Bits]

Area                                    Addr        Size        Decimal Bytes (Attributes)
--------------------------------        ----        ----        ------- ----- ------------
.  .ABS.                            00000000    00000000 =           0. bytes (ABS,CON)

      Value  Global                              Global Defined In Module
      -----  --------------------------------   ------------------------
     0000FF22  _NR43_REG                          
     0000FF23  _NR44_REG                          
     0000FF24  _NR50_REG                          
     0000FF25  _NR51_REG                          
     0000FF26  _NR52_REG                          
     0000FF30  _AUD3WAVE                          
     0000FF30  _PCM_SAMPLE                        
     0000FF30  __AUD3WAVERAM                      
     0000FF40  _LCDC_REG                          
     0000FF41  _STAT_REG                          
     0000FF42  _SCY_REG                           
     0000FF43  _SCX_REG                           
     0000FF44  _LY_REG                            
     0000FF45  _LYC_REG                           
     0000FF46  _DMA_REG                           
     0000FF47  _BGP_REG                           
     0000FF48  _OBP0_REG                          
     0000FF49  _OBP1_REG                          
     0000FF4A  _WY_REG                            
     0000FF4B  _WX_REG                            
     0000FF4D  _KEY1_REG                          
     0000FF4F  _VBK_REG                           
     0000FF51  _HDMA1_REG                         
     0000FF52  _HDMA2_REG                         
     0000FF53  _HDMA3_REG                         
     0000FF54  _HDMA4_REG                         
     0000FF55  _HDMA5_REG                         
     0000FF56  _RP_REG                            
     0000FF68  _BCPS_REG                          
     0000FF69  _BCPD_REG                          
     0000FF6A  _OCPS_REG                          
     0000FF6B  _OCPD_REG                          
     0000FF70  _SVBK_REG                          
     0000FF76  _PCM12_REG                         
     0000FF77  _PCM34_REG                         
     0000FF80  .refresh_OAM                    
     0000FF80  __HRAM                             
     0000FFFF  _IE_REG                            
     00014000  s__CODE_1                       
     00024000  s__CODE_2                       
     00034000  s__CODE_3                       
     00044000  s__CODE_4                       
     00054000  s__CODE_5                       
     00064000  s__CODE_6                       
     00074000  s__CODE_7                       
     00084000  s__CODE_8                       
ASxxxx Linker V03.00/V05.40 + sdld,  page 15.
Hexadecimal  [32-Bits]

Area                                    Addr        Size        Decimal Bytes (Attributes)
--------------------------------        ----        ----        ------- ----- ------------
_CODE                               00000200    00000E64 =        3684. bytes (REL,CON)

      Value  Global                              Global Defined In Module
      -----  --------------------------------   ------------------------
     00000200  ___HandleCrash                     
     0000020A  _SIO_send_byte                     
     0000021D  _SIO_receive                       
     0000022E  _GetWinAddr                        
     00000236  _GetBkgAddr                        
     00000244  _state_init                        
     00000249  _state_update                      
     0000026B  _ui_time_masks                     
     00000273  _ui_print_shift_char               
     000002F6  _ui_draw_frame_row                 
     000002FF  .ui_draw_frame_row                 
     00000328  _script_cmds                       vm_instructions
     00000560  _save_signature                    game_signature
     00000564  _start_scene_x                     
     00000566  _start_scene_y                     
     00000568  _start_scene_dir                   
     00000569  _start_scene                       
     0000056C  _start_player_move_speed           
     0000056D  _start_player_anim_tick            
     0000056E  _ui_fonts                          
     00000571  _core_reset_hook                   main
     00000579  _main                              main
     00000581  _state_start_fns                   
     00000593  _state_update_fns                  
     000005A5  _hUGE_init                         hUGEDriver_obj
     000005A7  hUGE_init                          hUGEDriver_obj
     000005FD  _hUGE_mute_channel                 hUGEDriver_obj
     000005FF  hUGE_mute_channel                  hUGEDriver_obj
     0000084D  _hUGE_set_position                 hUGEDriver_obj
     0000084F  hUGE_set_position                  hUGEDriver_obj
     00000A14  _hUGE_dosound                      hUGEDriver_obj
     00000A14  hUGE_dosound                       hUGEDriver_obj
     00000D40  _get_vram_byte                     
     00000D48  _get_win_tile_xy                   
     00000D50  _get_bkg_tile_xy                   
     00000D77  _hide_sprites_range                Metasprites
     00000DA6  __mulsuchar                        mul
     00000DA9  __muluschar                        mul
     00000DB2  __mulschar                         mul
     00000DBA  __mulint                           mul
     00000DD9  __muluchar                         mul
     00000DEB  _set_vram_byte                     
     00000DF4  _set_win_tile_xy                   
     00000DFD  _set_bkg_tile_xy                   
     00000E2C  .sgb_check                         
     00000E2C  _sgb_check                         
     00000E74  _sgb_transfer                      
     00000E79  .sgb_transfer                      
     00000EBA  .copy_vram                         
     00000EC0  _get_data                          
ASxxxx Linker V03.00/V05.40 + sdld,  page 16.
Hexadecimal  [32-Bits]

Area                                    Addr        Size        Decimal Bytes (Attributes)
--------------------------------        ----        ----        ------- ----- ------------
_CODE                               00000200    00000E64 =        3684. bytes (REL,CON)

      Value  Global                              Global Defined In Module
      -----  --------------------------------   ------------------------
     00000EC0  _set_data                          
     00000EC0  _vmemcpy                           
     00000F0E  ___move_metasprite                 Metasprites
     00000F4B  ___memcpy                          
     00000F4B  _memcpy                            
     00000F7D  __divsuchar                        divmod
     00000F83  __modsuchar                        divmod
     00000F8C  __divuschar                        divmod
     00000F95  __moduschar                        divmod
     00000FA1  __divschar                         divmod
     00000FA6  __modschar                         divmod
     00000FAD  __divsint                          divmod
     00000FB6  __modsint                          divmod
     00000FC2  __divuchar                         divmod
     00000FC7  __moduchar                         divmod
     00000FCE  __divuint                          divmod
     00000FD7  __moduint                          divmod
     00000FE3  .div8                              divmod
     00000FE3  .mod8                              divmod
     00000FEB  .div16                             divmod
     00000FEB  .mod16                             divmod
     00001021  .divu8                             divmod
     00001021  .modu8                             divmod
     00001024  .divu16                            divmod
     00001024  .modu16                            divmod
ASxxxx Linker V03.00/V05.40 + sdld,  page 17.
Hexadecimal  [32-Bits]

Area                                    Addr        Size        Decimal Bytes (Attributes)
--------------------------------        ----        ----        ------- ----- ------------
_HEADER0                            00000000    00000001 =           1. bytes (ABS,CON)

      Value  Global                              Global Defined In Module
      -----  --------------------------------   ------------------------
     00000020  .call_hl                           Runtime

ASxxxx Linker V03.00/V05.40 + sdld,  page 18.
Hexadecimal  [32-Bits]

Area                                    Addr        Size        Decimal Bytes (Attributes)
--------------------------------        ----        ----        ------- ----- ------------
_HEADER1                            00000000    00000005 =           5. bytes (ABS,CON)

      Value  Global                              Global Defined In Module
      -----  --------------------------------   ------------------------
     00000028  .MemsetSmall                       Runtime

ASxxxx Linker V03.00/V05.40 + sdld,  page 19.
Hexadecimal  [32-Bits]

Area                                    Addr        Size        Decimal Bytes (Attributes)
--------------------------------        ----        ----        ------- ----- ------------
_HEADER2                            00000000    00000007 =           7. bytes (ABS,CON)

      Value  Global                              Global Defined In Module
      -----  --------------------------------   ------------------------
     00000030  .MemcpySmall                       Runtime

ASxxxx Linker V03.00/V05.40 + sdld,  page 20.
Hexadecimal  [32-Bits]

Area                                    Addr        Size        Decimal Bytes (Attributes)
--------------------------------        ----        ----        ------- ----- ------------
_HEADER3                            00000000    00000008 =           8. bytes (ABS,CON)

      Value  Global                              Global Defined In Module
      -----  --------------------------------   ------------------------
ASxxxx Linker V03.00/V05.40 + sdld,  page 21.
Hexadecimal  [32-Bits]

Area                                    Addr        Size        Decimal Bytes (Attributes)
--------------------------------        ----        ----        ------- ----- ------------
_HEADER4                            00000000    00000060 =          96. bytes (ABS,CON)

      Value  Global                              Global Defined In Module
      -----  --------------------------------   ------------------------
     00000080  .int                               Runtime
     0000008F  _wait_int_handler                  Runtime
     0000009C  __standard_VBL_handler             Runtime
     000000AB  _refresh_OAM                       Runtime
     000000CC  _set_interrupts                    Runtime

ASxxxx Linker V03.00/V05.40 + sdld,  page 22.
Hexadecimal  [32-Bits]

Area                                    Addr        Size        Decimal Bytes (Attributes)
--------------------------------        ----        ----        ------- ----- ------------
_HEADER5                            00000000    00000001 =           1. bytes (ABS,CON)

      Value  Global                              Global Defined In Module
      -----  --------------------------------   ------------------------
ASxxxx Linker V03.00/V05.40 + sdld,  page 23.
Hexadecimal  [32-Bits]

Area                                    Addr        Size        Decimal Bytes (Attributes)
--------------------------------        ----        ----        ------- ----- ------------
_HEADER6                            00000000    00000002 =           2. bytes (ABS,CON)

      Value  Global                              Global Defined In Module
      -----  --------------------------------   ------------------------
ASxxxx Linker V03.00/V05.40 + sdld,  page 24.
Hexadecimal  [32-Bits]

Area                                    Addr        Size        Decimal Bytes (Attributes)
--------------------------------        ----        ----        ------- ----- ------------
_HEADER7                            00000000    00000030 =          48. bytes (ABS,CON)

      Value  Global                              Global Defined In Module
      -----  --------------------------------   ------------------------
ASxxxx Linker V03.00/V05.40 + sdld,  page 25.
Hexadecimal  [32-Bits]

Area                                    Addr        Size        Decimal Bytes (Attributes)
--------------------------------        ----        ----        ------- ----- ------------
_HEADER8                            00000000    00000006 =           6. bytes (ABS,CON)

      Value  Global                              Global Defined In Module
      -----  --------------------------------   ------------------------
ASxxxx Linker V03.00/V05.40 + sdld,  page 26.
Hexadecimal  [32-Bits]

Area                                    Addr        Size        Decimal Bytes (Attributes)
--------------------------------        ----        ----        ------- ----- ------------
_HEADER9                            00000000    00000003 =           3. bytes (ABS,CON)

      Value  Global                              Global Defined In Module
      -----  --------------------------------   ------------------------
ASxxxx Linker V03.00/V05.40 + sdld,  page 27.
Hexadecimal  [32-Bits]

Area                                    Addr        Size        Decimal Bytes (Attributes)
--------------------------------        ----        ----        ------- ----- ------------
_HEADERa                            00000000    00000001 =           1. bytes (ABS,CON)

      Value  Global                              Global Defined In Module
      -----  --------------------------------   ------------------------
ASxxxx Linker V03.00/V05.40 + sdld,  page 28.
Hexadecimal  [32-Bits]

Area                                    Addr        Size        Decimal Bytes (Attributes)
--------------------------------        ----        ----        ------- ----- ------------
_HEADERb                            00000000    00000001 =           1. bytes (ABS,CON)

      Value  Global                              Global Defined In Module
      -----  --------------------------------   ------------------------
ASxxxx Linker V03.00/V05.40 + sdld,  page 29.
Hexadecimal  [32-Bits]

Area                                    Addr        Size        Decimal Bytes (Attributes)
--------------------------------        ----        ----        ------- ----- ------------
_HEADERc                            00000000    00000001 =           1. bytes (ABS,CON)

      Value  Global                              Global Defined In Module
      -----  --------------------------------   ------------------------
ASxxxx Linker V03.00/V05.40 + sdld,  page 30.
Hexadecimal  [32-Bits]

Area                                    Addr        Size        Decimal Bytes (Attributes)
--------------------------------        ----        ----        ------- ----- ------------
_HEADERd                            00000000    00000002 =           2. bytes (ABS,CON)

      Value  Global                              Global Defined In Module
      -----  --------------------------------   ------------------------
ASxxxx Linker V03.00/V05.40 + sdld,  page 31.
Hexadecimal  [32-Bits]

Area                                    Addr        Size        Decimal Bytes (Attributes)
--------------------------------        ----        ----        ------- ----- ------------
_HEADERe                            00000000    00000001 =           1. bytes (ABS,CON)

      Value  Global                              Global Defined In Module
      -----  --------------------------------   ------------------------
ASxxxx Linker V03.00/V05.40 + sdld,  page 32.
Hexadecimal  [32-Bits]

Area                                    Addr        Size        Decimal Bytes (Attributes)
--------------------------------        ----        ----        ------- ----- ------------
_HEADERf                            00000000    00000001 =           1. bytes (ABS,CON)

      Value  Global                              Global Defined In Module
      -----  --------------------------------   ------------------------
ASxxxx Linker V03.00/V05.40 + sdld,  page 33.
Hexadecimal  [32-Bits]

Area                                    Addr        Size        Decimal Bytes (Attributes)
--------------------------------        ----        ----        ------- ----- ------------
_HEADER10                           00000000    00000002 =           2. bytes (ABS,CON)

      Value  Global                              Global Defined In Module
      -----  --------------------------------   ------------------------
ASxxxx Linker V03.00/V05.40 + sdld,  page 34.
Hexadecimal  [32-Bits]

Area                                    Addr        Size        Decimal Bytes (Attributes)
--------------------------------        ----        ----        ------- ----- ------------
_HEADER11                           00000000    000000AB =         171. bytes (ABS,CON)

      Value  Global                              Global Defined In Module
      -----  --------------------------------   ------------------------
     00000150  .reset                             Runtime
     00000150  _reset                             Runtime
     00000157  .code_start                        Runtime
     000001B9  _exit                              Runtime
     000001BD  .wait_vbl_done                     Runtime
     000001BD  _vsync                             Runtime
     000001BD  _wait_vbl_done                     Runtime
     000001CD  .remove_VBL                        Runtime
     000001CD  _remove_VBL                        Runtime
     000001D0  .remove_int                        Runtime
     000001ED  .add_VBL                           Runtime
     000001ED  _add_VBL                           Runtime
     000001F0  .add_int                           Runtime

ASxxxx Linker V03.00/V05.40 + sdld,  page 35.
Hexadecimal  [32-Bits]

Area                                    Addr        Size        Decimal Bytes (Attributes)
--------------------------------        ----        ----        ------- ----- ------------
_HOME                               00001064    00002C6D =       11373. bytes (REL,CON)

      Value  Global                              Global Defined In Module
      -----  --------------------------------   ------------------------
     00001064  .memset_simple                     Runtime
     0000106D  .memcpy_simple                     Runtime
     0000108A  .display_off                       Runtime
     0000108A  _display_off                       Runtime
     000010A2  _actors_update                     actor
     000014FE  _SetBankedBkgData                  bankdata
     0000151A  _SetBankedSpriteData               bankdata
     00001536  _SetBankedBkgTiles                 bankdata
     00001552  _SetBankedWinTiles                 bankdata
     0000156E  _ReadBankedFarPtr                  bankdata
     00001590  _ReadBankedUWORD                   bankdata
     000015AA  _MemcpyBanked                      bankdata
     000015CC  _MemcpyVRAMBanked                  bankdata
     000015FB  _IndexOfFarPtr                     bankdata
     00001680  _camera_update                     camera
     000017B3  _load_animations                   data_manager
     0000180C  _events_update                     events
     000018DF  _timers_update                     events
     00001968  _input_update                      input
     0000198B  .sio_ISR                           
     000019E5  .timer_ISR                         
     000019FA  _simple_LCD_isr                    interrupts
     00001A79  _fullscreen_LCD_isr                interrupts
     00001AA5  _VBL_isr                           interrupts
     00001AEF  _isqrt                             math
     00001B4C  _sine_wave                         math
     00001C4C  _dir_lookup                        math
     00001C54  _dir_angle_lookup                  math
     00001C58  _hUGETrackerRoutine                music_manager
     00001C7F  _music_events_update               music_manager
     00001D01  _music_play_isr                    music_manager
     00001DA2  _parallax_LCD_isr                  parallax
     00001DDF  _projectiles_update                projectiles
     00002260  _projectiles_render                projectiles
     000023B5  _scroll_load_pending_row           scroll
     00002403  _scroll_load_row                   scroll
     00002443  _scroll_load_col                   scroll
     00002478  _scroll_load_pending_col           scroll
     000024C7  _set_bkg_submap                    
     0000250A  _set_xy_win_submap                 
     00002537  .set_xy_win_submap                 
     00002540  .set_xy_bkg_submap                 
     0000254F  .set_xy_submap                     
     00002599  _sfx_play_isr                      sfx_player
     00002672  _on_SIO_receive                    sio
     000026B3  _SIO_update                        sio
     0000271A  _ui_update                         ui
     00002852  _vm_sgb_transfer                   vm_sgb
     0000289F  _vm_load_text                      vm_ui
     00002AF5  _vm_switch                         vm
ASxxxx Linker V03.00/V05.40 + sdld,  page 36.
Hexadecimal  [32-Bits]

Area                                    Addr        Size        Decimal Bytes (Attributes)
--------------------------------        ----        ----        ------- ----- ------------
_HOME                               00001064    00002C6D =       11373. bytes (REL,CON)

      Value  Global                              Global Defined In Module
      -----  --------------------------------   ------------------------
     00002C26  _vm_beginthread                    vm
     00002D4A  _vm_rpn                            vm
     00003762  _vm_get_far                        vm
     000037D0  _vm_call_native                    vm
     000037E3  _VM_STEP                           vm
     0000384D  _script_runner_update              vm
     000039B2  _fill_win_rect                     
     000039C4  _rand                              
     000039C4  _randw                             
     000039EF  _initrand                          
     000039F1  .initrand                          
     000039FA  _get_bkg_data                      
     000039FA  _get_win_data                      
     00003A47  _get_sprite_data                   
     00003A7A  _abs                               abs
     00003A87  _set_win_tiles                     
     00003A9B  _set_tile_data                     
     00003AA0  _set_bkg_data                      
     00003AA0  _set_win_data                      
     00003AA8  _set_sprite_data                   
     00003AD8  _reverse                           reverse
     00003B0C  ___call__banked                    far_ptr
     00003B29  _to_far_ptr                        far_ptr
     00003B5F  .add_LCD                           
     00003B5F  _add_LCD                           
     00003B65  .remove_LCD                        
     00003B65  _remove_LCD                        
     00003B6B  .fill_rect_wtt                     
     00003B74  .fill_rect_btt                     
     00003BC1  _fill_bkg_rect                     
     00003BD3  .padup                             
     00003BD3  _waitpadup                         
     00003BE3  .jpad                              
     00003BE3  _joypad                            
     00003C0B  _waitpad                           
     00003C0C  .wait_pad                          
     00003C13  ___sdcc_call_hl                    call_hl
     00003C14  _memset                            memset
     00003C47  .set_xy_wtt                        SetTileMap
     00003C50  .set_xy_btt                        SetTileMap
     00003C5F  .set_xy_tt                         SetTileMap
     00003CA3  ___sdcc_bcall_ehl                  
     00003CBD  _set_bkg_tiles                     
ASxxxx Linker V03.00/V05.40 + sdld,  page 37.
Hexadecimal  [32-Bits]

Area                                    Addr        Size        Decimal Bytes (Attributes)
--------------------------------        ----        ----        ------- ----- ------------
_INITIALIZER                        00003CD1    0000001A =          26. bytes (REL,CON)

      Value  Global                              Global Defined In Module
      -----  --------------------------------   ------------------------
ASxxxx Linker V03.00/V05.40 + sdld,  page 38.
Hexadecimal  [32-Bits]

Area                                    Addr        Size        Decimal Bytes (Attributes)
--------------------------------        ----        ----        ------- ----- ------------
_GSINIT                             00003CEB    00000027 =          39. bytes (REL,CON)

      Value  Global                              Global Defined In Module
      -----  --------------------------------   ------------------------
     00003CEB  gsinit                             Runtime

ASxxxx Linker V03.00/V05.40 + sdld,  page 39.
Hexadecimal  [32-Bits]

Area                                    Addr        Size        Decimal Bytes (Attributes)
--------------------------------        ----        ----        ------- ----- ------------
_GSFINAL                            00003D12    00000001 =           1. bytes (REL,CON)

      Value  Global                              Global Defined In Module
      -----  --------------------------------   ------------------------
ASxxxx Linker V03.00/V05.40 + sdld,  page 40.
Hexadecimal  [32-Bits]

Area                                    Addr        Size        Decimal Bytes (Attributes)
--------------------------------        ----        ----        ------- ----- ------------
_DATA                               0000C0A0    00001994 =        6548. bytes (REL,CON)

      Value  Global                              Global Defined In Module
      -----  --------------------------------   ------------------------
     0000C0A0  __cpu                              Runtime
     0000C0A1  __is_GBA                           Runtime
     0000C0A2  .mode                              Runtime
     0000C0A3  .sys_time                          Runtime
     0000C0A3  _sys_time                          Runtime
     0000C0A5  .int_0x40                          Runtime
     0000C0B1  _actors                            actor
     0000C4F5  _actors_active_head                actor
     0000C4F7  _actors_active_tail                actor
     0000C4F9  _actors_inactive_head              actor
     0000C4FB  _screen_x                          actor
     0000C4FC  _screen_y                          actor
     0000C4FD  _invalid                           actor
     0000C4FF  _player_moving                     actor
     0000C500  _player_iframes                    actor
     0000C501  _player_collision_actor            actor
     0000C503  _emote_actor                       actor
     0000C505  _emote_timer                       actor
     0000C506  _allocated_sprite_tiles            actor
     0000C507  _allocated_hardware_sprites        actor
     0000C514  _camera_x                          camera
     0000C516  _camera_y                          camera
     0000C518  _camera_offset_x                   camera
     0000C519  _camera_offset_y                   camera
     0000C51A  _camera_deadzone_x                 camera
     0000C51B  _camera_deadzone_y                 camera
     0000C51C  _camera_settings                   camera
     0000C520  _current_scene                     data_manager
     0000C523  _image_bank                        data_manager
     0000C524  _image_ptr                         data_manager
     0000C526  _image_attr_bank                   data_manager
     0000C527  _image_attr_ptr                    data_manager
     0000C529  _collision_bank                    data_manager
     0000C52A  _collision_ptr                     data_manager
     0000C52C  _image_tile_width                  data_manager
     0000C52D  _image_tile_height                 data_manager
     0000C52E  _image_width                       data_manager
     0000C530  _image_height                      data_manager
     0000C532  _sprites_len                       data_manager
     0000C533  _actors_len                        data_manager
     0000C534  _projectiles_len                   data_manager
     0000C535  _player_sprite_len                 data_manager
     0000C536  _scene_type                        data_manager
     0000C537  _scene_LCD_type                    data_manager
     0000C538  _scene_stack                       data_manager
     0000C578  _scene_stack_ptr                   data_manager
     0000C57A  _scene_sprites_base_tiles          data_manager
     0000C5BA  _input_events                      events
     0000C5E2  _input_slots                       events
     0000C5EA  _timer_events                      events
ASxxxx Linker V03.00/V05.40 + sdld,  page 41.
Hexadecimal  [32-Bits]

Area                                    Addr        Size        Decimal Bytes (Attributes)
--------------------------------        ----        ----        ------- ----- ------------
_DATA                               0000C0A0    00001994 =        6548. bytes (REL,CON)

      Value  Global                              Global Defined In Module
      -----  --------------------------------   ------------------------
     0000C5FE  _timer_values                      events
     0000C606  _fade_running                      fade_manager
     0000C607  _fade_frames_per_step              fade_manager
     0000C608  _fade_timer                        fade_manager
     0000C610  _joypads                           input
     0000C615  _frame_joy                         input
     0000C616  _last_joy                          input
     0000C617  _recent_joy                        input
     0000C618  _SIO_status                        
     0000C619  _link_byte_sent                    
     0000C61A  _link_next_mode                    
     0000C61B  _save_blob_size                    load_save
     0000C61D  _routine_queue                     music_manager
     0000C621  _routine_queue_head                music_manager
     0000C622  _routine_queue_tail                music_manager
     0000C623  _music_events                      music_manager
     0000C637  _music_current_track_bank          music_manager
     0000C638  _music_mute_mask                   music_manager
     0000C639  _music_effective_mute              music_manager
     0000C63A  _music_next_track                  music_manager
     0000C63C  _music_current_track               music_manager
     0000C63E  _music_play_isr_counter            music_manager
     0000C63F  _music_play_isr_pause              music_manager
     0000C640  _music_global_mute_mask            music_manager
     0000C641  _music_sfx_priority                music_manager
     0000C642  _DMG_palette                       palette
     0000C645  _SprPalette                        palette
     0000C685  _parallax_rows                     parallax
     0000C697  _parallax_row                      parallax
     0000C699  _projectiles                       projectiles
     0000C752  _projectile_defs                   projectiles
     0000C7C5  _projectiles_active_head           projectiles
     0000C7C7  _projectiles_inactive_head         projectiles
     0000C7CE  _scroll_x                          scroll
     0000C7D0  _scroll_y                          scroll
     0000C7D2  _draw_scroll_x                     scroll
     0000C7D4  _draw_scroll_y                     scroll
     0000C7D6  _scroll_x_max                      scroll
     0000C7D8  _scroll_y_max                      scroll
     0000C7DA  _scroll_offset_x                   scroll
     0000C7DB  _scroll_offset_y                   scroll
     0000C7DC  _pending_h_x                       scroll
     0000C7DD  _pending_h_y                       scroll
     0000C7DE  _pending_h_i                       scroll
     0000C7DF  _pending_w_x                       scroll
     0000C7E0  _pending_w_y                       scroll
     0000C7E1  _pending_w_i                       scroll
     0000C7E2  _current_row                       scroll
     0000C7E4  _new_row                           scroll
     0000C7E6  _current_col                       scroll
     0000C7E8  _new_col                           scroll
ASxxxx Linker V03.00/V05.40 + sdld,  page 42.
Hexadecimal  [32-Bits]

Area                                    Addr        Size        Decimal Bytes (Attributes)
--------------------------------        ----        ----        ------- ----- ------------
_DATA                               0000C0A0    00001994 =        6548. bytes (REL,CON)

      Value  Global                              Global Defined In Module
      -----  --------------------------------   ------------------------
     0000C7EA  .image_tile_width                  
     0000C7EB  _sfx_play_bank                     sfx_player
     0000C7EC  _sfx_play_sample                   sfx_player
     0000C7EE  _sfx_frame_skip                    sfx_player
     0000C7EF  _link_operation_mode               sio
     0000C7F0  _link_packet                       sio
     0000C810  _link_packet_len                   sio
     0000C811  _link_packet_ptr                   sio
     0000C813  _link_packet_received              sio
     0000C814  _link_packet_snd_len               sio
     0000C815  _link_packet_snd_ptr               sio
     0000C817  _link_packet_sent                  sio
     0000C818  __is_CGB                           system
     0000C819  __is_SGB                           system
     0000C81A  __current_ram_bank                 system
     0000C81B  _triggers                          trigger
     0000C913  _last_trigger_tx                   trigger
     0000C914  _last_trigger_ty                   trigger
     0000C915  _last_trigger                      trigger
     0000C916  _win_pos_x                         ui
     0000C917  _win_dest_pos_x                    ui
[...]
/home/deck/.cache/gbstudio-v4/_gbsbuild/obj/scene_16_collisions.rel
                                          [ scene_16_collisions ]
/home/deck/.cache/gbstudio-v4/_gbsbuild/obj/scene_16_init.rel
                                          [ scene_16_init ]
/home/deck/.cache/gbstudio-v4/_gbsbuild/obj/scene_16.rel
                                          [ scene_16 ]
/home/deck/.cache/gbstudio-v4/_gbsbuild/obj/scene_17_collisions.rel
                                          [ scene_17_collisions ]
/home/deck/.cache/gbstudio-v4/_gbsbuild/obj/scene_17_init.rel
                                          [ scene_17_init ]
/home/deck/.cache/gbstudio-v4/_gbsbuild/obj/scene_17.rel
                                          [ scene_17 ]
/home/deck/.cache/gbstudio-v4/_gbsbuild/obj/scene_18_collisions.rel
                                          [ scene_18_collisions ]
/home/deck/.cache/gbstudio-v4/_gbsbuild/obj/scene_18_init.rel
                                          [ scene_18_init ]
/home/deck/.cache/gbstudio-v4/_gbsbuild/obj/scene_18.rel
                                          [ scene_18 ]
/home/deck/.cache/gbstudio-v4/_gbsbuild/obj/scene_19_collisions.rel
                                          [ scene_19_collisions ]
/home/deck/.cache/gbstudio-v4/_gbsbuild/obj/scene_19_init.rel
                                          [ scene_19_init ]
/home/deck/.cache/gbstudio-v4/_gbsbuild/obj/scene_19.rel
                                          [ scene_19 ]
/home/deck/.cache/gbstudio-v4/_gbsbuild/obj/scene_2_collisions.rel
                                          [ scene_2_collisions ]
/home/deck/.cache/gbstudio-v4/_gbsbuild/obj/scene_2_init.rel
                                          [ scene_2_init ]
/home/deck/.cache/gbstudio-v4/_gbsbuild/obj/scene_2_triggers.rel
                                          [ scene_2_triggers ]
/home/deck/.cache/gbstudio-v4/_gbsbuild/obj/scene_2.rel
                                          [ scene_2 ]
/home/deck/.cache/gbstudio-v4/_gbsbuild/obj/scene_20_collisions.rel
                                          [ scene_20_collisions ]
/home/deck/.cache/gbstudio-v4/_gbsbuild/obj/scene_20_init.rel
                                          [ scene_20_init ]
/home/deck/.cache/gbstudio-v4/_gbsbuild/obj/scene_20.rel
                                          [ scene_20 ]
/home/deck/.cache/gbstudio-v4/_gbsbuild/obj/scene_21_collisions.rel
                                          [ scene_21_collisions ]
/home/deck/.cache/gbstudio-v4/_gbsbuild/obj/scene_21_init.rel
                                          [ scene_21_init ]
/home/deck/.cache/gbstudio-v4/_gbsbuild/obj/scene_21.rel
                                          [ scene_21 ]
/home/deck/.cache/gbstudio-v4/_gbsbuild/obj/scene_22_collisions.rel
                                          [ scene_22_collisions ]
/home/deck/.cache/gbstudio-v4/_gbsbuild/obj/scene_22_init.rel
                                          [ scene_22_init ]
/home/deck/.cache/gbstudio-v4/_gbsbuild/obj/scene_22.rel
                                          [ scene_22 ]
/home/deck/.cache/gbstudio-v4/_gbsbuild/obj/scene_23_collisions.rel
                                          [ scene_23_collisions ]
/home/deck/.cache/gbstudio-v4/_gbsbuild/obj/scene_23_init.rel
                                          [ scene_23_init ]
/home/deck/.cache/gbstudio-v4/_gbsbuild/obj/scene_23.rel
                                          [ scene_23 ]
/home/deck/.cache/gbstudio-v4/_gbsbuild/obj/scene_24_collisions.rel
                                          [ scene_24_collisions ]
/home/deck/.cache/gbstudio-v4/_gbsbuild/obj/scene_24_init.rel
                                          [ scene_24_init ]
/home/deck/.cache/gbstudio-v4/_gbsbuild/obj/scene_24.rel
                                          [ scene_24 ]
/home/deck/.cache/gbstudio-v4/_gbsbuild/obj/scene_25_actors.rel
                                          [ scene_25_actors ]
/home/deck/.cache/gbstudio-v4/_gbsbuild/obj/scene_25_collisions.rel
                                          [ scene_25_collisions ]
/home/deck/.cache/gbstudio-v4/_gbsbuild/obj/scene_25_init.rel
                                          [ scene_25_init ]
/home/deck/.cache/gbstudio-v4/_gbsbuild/obj/scene_25_sprites.rel
                                          [ scene_25_sprites ]
/home/deck/.cache/gbstudio-v4/_gbsbuild/obj/scene_25_triggers.rel
                                          [ scene_25_triggers ]
/home/deck/.cache/gbstudio-v4/_gbsbuild/obj/scene_25.rel
                                          [ scene_25 ]
/home/deck/.cache/gbstudio-v4/_gbsbuild/obj/scene_26_collisions.rel
                                          [ scene_26_collisions ]
/home/deck/.cache/gbstudio-v4/_gbsbuild/obj/scene_26_init.rel
                                          [ scene_26_init ]
/home/deck/.cache/gbstudio-v4/_gbsbuild/obj/scene_26.rel
                                          [ scene_26 ]
/home/deck/.cache/gbstudio-v4/_gbsbuild/obj/scene_27_collisions.rel
                                          [ scene_27_collisions ]
/home/deck/.cache/gbstudio-v4/_gbsbuild/obj/scene_27_init.rel
                                          [ scene_27_init ]
/home/deck/.cache/gbstudio-v4/_gbsbuild/obj/scene_27.rel
                                          [ scene_27 ]
/home/deck/.cache/gbstudio-v4/_gbsbuild/obj/scene_28_collisions.rel
                                          [ scene_28_collisions ]
/home/deck/.cache/gbstudio-v4/_gbsbuild/obj/scene_28_init.rel
                                          [ scene_28_init ]
/home/deck/.cache/gbstudio-v4/_gbsbuild/obj/scene_28.rel
                                          [ scene_28 ]
/home/deck/.cache/gbstudio-v4/_gbsbuild/obj/scene_29_collisions.rel
                                          [ scene_29_collisions ]
/home/deck/.cache/gbstudio-v4/_gbsbuild/obj/scene_29_init.rel
                                          [ scene_29_init ]
/home/deck/.cache/gbstudio-v4/_gbsbuild/obj/scene_29.rel
                                          [ scene_29 ]
/home/deck/.cache/gbstudio-v4/_gbsbuild/obj/scene_3_collisions.rel
                                          [ scene_3_collisions ]
/home/deck/.cache/gbstudio-v4/_gbsbuild/obj/scene_3_init.rel
                                          [ scene_3_init ]
/home/deck/.cache/gbstudio-v4/_gbsbuild/obj/scene_3.rel
                                          [ scene_3 ]
/home/deck/.cache/gbstudio-v4/_gbsbuild/obj/scene_30_collisions.rel
                                          [ scene_30_collisions ]
/home/deck/.cache/gbstudio-v4/_gbsbuild/obj/scene_30_init.rel
                                          [ scene_30_init ]
/home/deck/.cache/gbstudio-v4/_gbsbuild/obj/scene_30.rel
                                          [ scene_30 ]
/home/deck/.cache/gbstudio-v4/_gbsbuild/obj/scene_31_actors.rel
                                          [ scene_31_actors ]
/home/deck/.cache/gbstudio-v4/_gbsbuild/obj/scene_31_collisions.rel
                                          [ scene_31_collisions ]
/home/deck/.cache/gbstudio-v4/_gbsbuild/obj/scene_31_init.rel
                                          [ scene_31_init ]
/home/deck/.cache/gbstudio-v4/_gbsbuild/obj/scene_31_sprites.rel
                                          [ scene_31_sprites ]
/home/deck/.cache/gbstudio-v4/_gbsbuild/obj/scene_31_triggers.rel
                                          [ scene_31_triggers ]
/home/deck/.cache/gbstudio-v4/_gbsbuild/obj/scene_31.rel
                                          [ scene_31 ]
/home/deck/.cache/gbstudio-v4/_gbsbuild/obj/scene_32_actors.rel
                                          [ scene_32_actors ]
/home/deck/.cache/gbstudio-v4/_gbsbuild/obj/scene_32_collisions.rel
                                          [ scene_32_collisions ]
/home/deck/.cache/gbstudio-v4/_gbsbuild/obj/scene_32_init.rel
                                          [ scene_32_init ]
/home/deck/.cache/gbstudio-v4/_gbsbuild/obj/scene_32_sprites.rel
                                          [ scene_32_sprites ]
/home/deck/.cache/gbstudio-v4/_gbsbuild/obj/scene_32_triggers.rel
                                          [ scene_32_triggers ]
/home/deck/.cache/gbstudio-v4/_gbsbuild/obj/scene_32.rel
                                          [ scene_32 ]
/home/deck/.cache/gbstudio-v4/_gbsbuild/obj/scene_33_collisions.rel
                                          [ scene_33_collisions ]
/home/deck/.cache/gbstudio-v4/_gbsbuild/obj/scene_33_init.rel
                                          [ scene_33_init ]
/home/deck/.cache/gbstudio-v4/_gbsbuild/obj/scene_33_triggers.rel
                                          [ scene_33_triggers ]
/home/deck/.cache/gbstudio-v4/_gbsbuild/obj/scene_33.rel
                                          [ scene_33 ]
/home/deck/.cache/gbstudio-v4/_gbsbuild/obj/scene_34_collisions.rel
                                          [ scene_34_collisions ]
/home/deck/.cache/gbstudio-v4/_gbsbuild/obj/scene_34_init.rel
                                          [ scene_34_init ]
/home/deck/.cache/gbstudio-v4/_gbsbuild/obj/scene_34.rel
                                          [ scene_34 ]
/home/deck/.cache/gbstudio-v4/_gbsbuild/obj/scene_35_collisions.rel
                                          [ scene_35_collisions ]
/home/deck/.cache/gbstudio-v4/_gbsbuild/obj/scene_35_init.rel
                                          [ scene_35_init ]
/home/deck/.cache/gbstudio-v4/_gbsbuild/obj/scene_35.rel
                                          [ scene_35 ]
/home/deck/.cache/gbstudio-v4/_gbsbuild/obj/scene_36_collisions.rel
                                          [ scene_36_collisions ]
/home/deck/.cache/gbstudio-v4/_gbsbuild/obj/scene_36_init.rel
                                          [ scene_36_init ]
/home/deck/.cache/gbstudio-v4/_gbsbuild/obj/scene_36.rel
                                          [ scene_36 ]
/home/deck/.cache/gbstudio-v4/_gbsbuild/obj/scene_37_collisions.rel
                                          [ scene_37_collisions ]
/home/deck/.cache/gbstudio-v4/_gbsbuild/obj/scene_37_init.rel
                                          [ scene_37_init ]
/home/deck/.cache/gbstudio-v4/_gbsbuild/obj/scene_37.rel
                                          [ scene_37 ]
/home/deck/.cache/gbstudio-v4/_gbsbuild/obj/scene_4_collisions.rel
                                          [ scene_4_collisions ]
/home/deck/.cache/gbstudio-v4/_gbsbuild/obj/scene_4_init.rel
                                          [ scene_4_init ]
/home/deck/.cache/gbstudio-v4/_gbsbuild/obj/scene_4.rel
                                          [ scene_4 ]
/home/deck/.cache/gbstudio-v4/_gbsbuild/obj/scene_5_collisions.rel
                                          [ scene_5_collisions ]
/home/deck/.cache/gbstudio-v4/_gbsbuild/obj/scene_5_init.rel
                                          [ scene_5_init ]
/home/deck/.cache/gbstudio-v4/_gbsbuild/obj/scene_5.rel
                                          [ scene_5 ]
/home/deck/.cache/gbstudio-v4/_gbsbuild/obj/scene_6_collisions.rel
                                          [ scene_6_collisions ]
/home/deck/.cache/gbstudio-v4/_gbsbuild/obj/scene_6_init.rel
                                          [ scene_6_init ]
/home/deck/.cache/gbstudio-v4/_gbsbuild/obj/scene_6.rel
                                          [ scene_6 ]
/home/deck/.cache/gbstudio-v4/_gbsbuild/obj/scene_7_collisions.rel
                                          [ scene_7_collisions ]
/home/deck/.cache/gbstudio-v4/_gbsbuild/obj/scene_7_init.rel
                                          [ scene_7_init ]
/home/deck/.cache/gbstudio-v4/_gbsbuild/obj/scene_7.rel
                                          [ scene_7 ]
/home/deck/.cache/gbstudio-v4/_gbsbuild/obj/scene_8_collisions.rel
                                          [ scene_8_collisions ]
/home/deck/.cache/gbstudio-v4/_gbsbuild/obj/scene_8_init.rel
                                          [ scene_8_init ]
/home/deck/.cache/gbstudio-v4/_gbsbuild/obj/scene_8.rel
                                          [ scene_8 ]
/home/deck/.cache/gbstudio-v4/_gbsbuild/obj/scene_9_collisions.rel
                                          [ scene_9_collisions ]
/home/deck/.cache/gbstudio-v4/_gbsbuild/obj/scene_9_init.rel
                                          [ scene_9_init ]
/home/deck/.cache/gbstudio-v4/_gbsbuild/obj/scene_9.rel
                                          [ scene_9 ]
/home/deck/.cache/gbstudio-v4/_gbsbuild/obj/script_1.rel
                                          [ script_1 ]
/home/deck/.cache/gbstudio-v4/_gbsbuild/obj/script_2.rel
                                          [ script_2 ]
/home/deck/.cache/gbstudio-v4/_gbsbuild/obj/script_engine_init.rel
                                          [  ]
/home/deck/.cache/gbstudio-v4/_gbsbuild/obj/sprite_actor_animated_tileset.rel
                                          [ sprite_actor_animated_tileset ]
/home/deck/.cache/gbstudio-v4/_gbsbuild/obj/sprite_actor_animated.rel
                                          [ sprite_actor_animated ]
/home/deck/.cache/gbstudio-v4/_gbsbuild/obj/sprite_enemy0_tileset.rel
                                          [ sprite_enemy0_tileset ]
/home/deck/.cache/gbstudio-v4/_gbsbuild/obj/sprite_enemy0.rel
                                          [ sprite_enemy0 ]
/home/deck/.cache/gbstudio-v4/_gbsbuild/obj/sprite_tile_0048_tileset.rel
                                          [ sprite_tile_0048_tileset ]
/home/deck/.cache/gbstudio-v4/_gbsbuild/obj/sprite_tile_0048.rel
                                          [ sprite_tile_0048 ]
/home/deck/.cache/gbstudio-v4/_gbsbuild/obj/sprite_tile_0121_tileset.rel
                                          [ sprite_tile_0121_tileset ]
/home/deck/.cache/gbstudio-v4/_gbsbuild/obj/sprite_tile_0121.rel
                                          [ sprite_tile_0121 ]
/home/deck/.cache/gbstudio-v4/_gbsbuild/obj/sprite_tile_0127_tileset.rel
                                          [ sprite_tile_0127_tileset ]
/home/deck/.cache/gbstudio-v4/_gbsbuild/obj/sprite_tile_0127.rel
                                          [ sprite_tile_0127 ]
/home/deck/.cache/gbstudio-v4/_gbsbuild/obj/sprite_tile_0135_tileset.rel
                                          [ sprite_tile_0135_tileset ]
/home/deck/.cache/gbstudio-v4/_gbsbuild/obj/sprite_tile_0135.rel
                                          [ sprite_tile_0135 ]
/home/deck/.cache/gbstudio-v4/_gbsbuild/obj/spritesheet_none.rel
                                          [ spritesheet_none ]
/home/deck/.cache/gbstudio-v4/_gbsbuild/obj/trigger_0_interact.rel
                                          [ trigger_0_interact ]
/home/deck/.cache/gbstudio-v4/_gbsbuild/obj/trigger_1_interact.rel
                                          [ trigger_1_interact ]
/home/deck/.cache/gbstudio-v4/_gbsbuild/obj/trigger_2_interact.rel
                                          [ trigger_2_interact ]
/home/deck/.cache/gbstudio-v4/_gbsbuild/obj/trigger_3_interact.rel
                                          [ trigger_3_interact ]
/home/deck/.cache/gbstudio-v4/_gbsbuild/obj/trigger_4_interact.rel
                                          [ trigger_4_interact ]
/home/deck/.cache/gbstudio-v4/_gbsbuild/obj/trigger_5_interact.rel
                                          [ trigger_5_interact ]
/home/deck/.cache/gbstudio-v4/_gbsbuild/obj/trigger_6_interact.rel
                                          [ trigger_6_interact ]
/home/deck/.cache/gbstudio-v4/_gbsbuild/obj/trigger_7_interact.rel
                                          [ trigger_7_interact ]
/home/deck/.cache/gbstudio-v4/_gbsbuild/obj/main.rel
                                          [ main ]
/home/deck/.cache/gbstudio-v4/_gbsbuild/obj/adventure.rel
                                          [ adventure ]
/home/deck/.cache/gbstudio-v4/_gbsbuild/obj/logo.rel
                                          [ logo ]
/home/deck/.cache/gbstudio-v4/_gbsbuild/obj/platform.rel
                                          [ platform ]
/home/deck/.cache/gbstudio-v4/_gbsbuild/obj/pointnclick.rel
                                          [ pointnclick ]
/home/deck/.cache/gbstudio-v4/_gbsbuild/obj/shmup.rel
                                          [ shmup ]
/home/deck/.cache/gbstudio-v4/_gbsbuild/obj/states_ptrs.rel
                                          [  ]
/home/deck/.cache/gbstudio-v4/_gbsbuild/obj/topdown.rel
                                          [ topdown ]


Libraries Linked                          [ object file ]

/home/deck/.cache/gbstudio-v4//_gbstools/gbdk/lib/gb/gb.lib
                                          [ fill_rect_wi.o ]
/home/deck/.cache/gbstudio-v4//_gbstools/gbdk/lib/sm83/sm83.lib
                                          [ rand.o ]
lib/hUGEDriver.lib                        [ hUGEDriver.o ]
/home/deck/.cache/gbstudio-v4//_gbstools/gbdk/lib/gb/gb.lib
                                          [ sfr.o ]
/home/deck/.cache/gbstudio-v4//_gbstools/gbdk/lib/gb/gb.lib
                                          [ get_data.o ]
/home/deck/.cache/gbstudio-v4//_gbstools/gbdk/lib/gb/gb.lib
                                          [ get_tile.o ]
/home/deck/.cache/gbstudio-v4//_gbstools/gbdk/lib/gb/gb.lib
                                          [ metasprites_hide_spr.o ]
/home/deck/.cache/gbstudio-v4//_gbstools/gbdk/lib/sm83/sm83.lib
                                          [ mul.o ]
/home/deck/.cache/gbstudio-v4//_gbstools/gbdk/lib/gb/gb.lib
                                          [ set_tile.o ]
/home/deck/.cache/gbstudio-v4//_gbstools/gbdk/lib/sm83/sm83.lib
                                          [ abs.o ]
/home/deck/.cache/gbstudio-v4//_gbstools/gbdk/lib/gb/gb.lib
                                          [ set_wi_t.o ]
/home/deck/.cache/gbstudio-v4//_gbstools/gbdk/lib/gb/gb.lib
                                          [ set_data.o ]
/home/deck/.cache/gbstudio-v4//_gbstools/gbdk/lib/sm83/sm83.lib
                                          [ reverse.o ]
/home/deck/.cache/gbstudio-v4//_gbstools/gbdk/lib/gb/gb.lib
                                          [ far_ptr.o ]
/home/deck/.cache/gbstudio-v4//_gbstools/gbdk/lib/gb/gb.lib
                                          [ sgb.o ]
/home/deck/.cache/gbstudio-v4//_gbstools/gbdk/lib/gb/gb.lib
                                          [ lcd.o ]
/home/deck/.cache/gbstudio-v4//_gbstools/gbdk/lib/gb/gb.lib
                                          [ fill_rect.o ]
/home/deck/.cache/gbstudio-v4//_gbstools/gbdk/lib/gb/gb.lib
                                          [ cpy_data.o ]
/home/deck/.cache/gbstudio-v4//_gbstools/gbdk/lib/gb/gb.lib
                                          [ fill_rect_bk.o ]
/home/deck/.cache/gbstudio-v4//_gbstools/gbdk/lib/gb/gb.lib
                                          [ pad.o ]
/home/deck/.cache/gbstudio-v4//_gbstools/gbdk/lib/gb/gb.lib
                                          [ metasprites.o ]
/home/deck/.cache/gbstudio-v4//_gbstools/gbdk/lib/sm83/sm83.lib
                                          [ __sdcc_call_hl.o ]
/home/deck/.cache/gbstudio-v4//_gbstools/gbdk/lib/sm83/sm83.lib
                                          [ memcpy.o ]
/home/deck/.cache/gbstudio-v4//_gbstools/gbdk/lib/sm83/sm83.lib
                                          [ _memset.o ]
/home/deck/.cache/gbstudio-v4//_gbstools/gbdk/lib/gb/gb.lib
                                          [ set_xy_t.o ]
/home/deck/.cache/gbstudio-v4//_gbstools/gbdk/lib/gb/gb.lib
                                          [ ___sdcc_bcall_ehl.o ]
/home/deck/.cache/gbstudio-v4//_gbstools/gbdk/lib/sm83/sm83.lib
                                          [ div.o ]
/home/deck/.cache/gbstudio-v4//_gbstools/gbdk/lib/gb/gb.lib
                                          [ set_bk_t.o ]

ASxxxx Linker V03.00/V05.40 + sdld,  page 74.

User Base Address Definitions

_DATA=0xC0A0
_CODE=0x0200
ASxxxx Linker V03.00/V05.40 + sdld,  page 75.

User Global Definitions

.STACK=0xDF00
_shadow_OAM=0xC000
.refresh_OAM=0xFF80
__start_save=12

